Archive member included to satisfy reference by file (symbol)

c:/users/sean/portableware/gcc-arm-none-eabi-5_4-2016q3-20160926-win32/bin/../lib/gcc/arm-none-eabi/5.4.1/../../../../arm-none-eabi/lib/armv6-m\libc_nano.a(lib_a-exit.o)
                              c:/users/sean/portableware/gcc-arm-none-eabi-5_4-2016q3-20160926-win32/bin/../lib/gcc/arm-none-eabi/5.4.1/../../../../arm-none-eabi/lib/armv6-m/crt0.o (exit)
c:/users/sean/portableware/gcc-arm-none-eabi-5_4-2016q3-20160926-win32/bin/../lib/gcc/arm-none-eabi/5.4.1/../../../../arm-none-eabi/lib/armv6-m\libc_nano.a(lib_a-impure.o)
                              c:/users/sean/portableware/gcc-arm-none-eabi-5_4-2016q3-20160926-win32/bin/../lib/gcc/arm-none-eabi/5.4.1/../../../../arm-none-eabi/lib/armv6-m\libc_nano.a(lib_a-exit.o) (_global_impure_ptr)
c:/users/sean/portableware/gcc-arm-none-eabi-5_4-2016q3-20160926-win32/bin/../lib/gcc/arm-none-eabi/5.4.1/../../../../arm-none-eabi/lib/armv6-m\libc_nano.a(lib_a-init.o)
                              c:/users/sean/portableware/gcc-arm-none-eabi-5_4-2016q3-20160926-win32/bin/../lib/gcc/arm-none-eabi/5.4.1/../../../../arm-none-eabi/lib/armv6-m/crt0.o (__libc_init_array)
c:/users/sean/portableware/gcc-arm-none-eabi-5_4-2016q3-20160926-win32/bin/../lib/gcc/arm-none-eabi/5.4.1/../../../../arm-none-eabi/lib/armv6-m\libc_nano.a(lib_a-memset.o)
                              c:/users/sean/portableware/gcc-arm-none-eabi-5_4-2016q3-20160926-win32/bin/../lib/gcc/arm-none-eabi/5.4.1/../../../../arm-none-eabi/lib/armv6-m/crt0.o (memset)
c:/users/sean/portableware/gcc-arm-none-eabi-5_4-2016q3-20160926-win32/bin/../lib/gcc/arm-none-eabi/5.4.1/../../../../arm-none-eabi/lib/armv6-m\libnosys.a(_exit.o)
                              c:/users/sean/portableware/gcc-arm-none-eabi-5_4-2016q3-20160926-win32/bin/../lib/gcc/arm-none-eabi/5.4.1/../../../../arm-none-eabi/lib/armv6-m\libc_nano.a(lib_a-exit.o) (_exit)
c:/users/sean/portableware/gcc-arm-none-eabi-5_4-2016q3-20160926-win32/bin/../lib/gcc/arm-none-eabi/5.4.1/armv6-m\libgcc.a(_udivsi3.o)
                              _build/gcc_arm_templete_clock.c.o (__aeabi_uidiv)
c:/users/sean/portableware/gcc-arm-none-eabi-5_4-2016q3-20160926-win32/bin/../lib/gcc/arm-none-eabi/5.4.1/armv6-m\libgcc.a(_divsi3.o)
                              _build/gcc_arm_templete_clock.c.o (__aeabi_idivmod)
c:/users/sean/portableware/gcc-arm-none-eabi-5_4-2016q3-20160926-win32/bin/../lib/gcc/arm-none-eabi/5.4.1/armv6-m\libgcc.a(_dvmd_tls.o)
                              c:/users/sean/portableware/gcc-arm-none-eabi-5_4-2016q3-20160926-win32/bin/../lib/gcc/arm-none-eabi/5.4.1/armv6-m\libgcc.a(_udivsi3.o) (__aeabi_idiv0)
c:/users/sean/portableware/gcc-arm-none-eabi-5_4-2016q3-20160926-win32/bin/../lib/gcc/arm-none-eabi/5.4.1/../../../../arm-none-eabi/lib/armv6-m\libc_nano.a(lib_a-memcmp.o)
                              _build/gcc_arm_templete_id_manager.c.o (memcmp)
c:/users/sean/portableware/gcc-arm-none-eabi-5_4-2016q3-20160926-win32/bin/../lib/gcc/arm-none-eabi/5.4.1/../../../../arm-none-eabi/lib/armv6-m\libc_nano.a(lib_a-memcpy-stub.o)
                              _build/gcc_arm_templete_clock.c.o (memcpy)
c:/users/sean/portableware/gcc-arm-none-eabi-5_4-2016q3-20160926-win32/bin/../lib/gcc/arm-none-eabi/5.4.1/../../../../arm-none-eabi/lib/armv6-m\libc_nano.a(lib_a-strcpy.o)
                              _build/gcc_arm_templete_SEGGER_RTT.c.o (strcpy)
c:/users/sean/portableware/gcc-arm-none-eabi-5_4-2016q3-20160926-win32/bin/../lib/gcc/arm-none-eabi/5.4.1/../../../../arm-none-eabi/lib/armv6-m\libc_nano.a(lib_a-strlen.o)
                              _build/gcc_arm_templete_bles.c.o (strlen)

Allocating common symbols
Common symbol       size              file

nrf_nvic_state      0x8               _build/gcc_arm_templete_app_util_platform.c.o
m_ebike             0x48              _build/gcc_arm_templete_bles.c.o
alarm_later         0x1               _build/gcc_arm_templete_alarm.c.o
s_dfu_settings      0x15c             _build/gcc_arm_templete_nrf_dfu_settings.c.o
sPacket             0x8               _build/gcc_arm_templete_communicate.c.o
rPacket             0x8               _build/gcc_arm_templete_communicate.c.o
__stdin             0x68              _build/gcc_arm_templete_retarget.c.o
mL1Header           0x2               _build/gcc_arm_templete_packet.c.o
m_devinfo           0x48              _build/gcc_arm_templete_bles.c.o
__stdout            0x68              _build/gcc_arm_templete_retarget.c.o
receivebuff         0x100             _build/gcc_arm_templete_communicate.c.o
_SEGGER_RTT         0x78              _build/gcc_arm_templete_SEGGER_RTT.c.o
p_m_dfu             0x4               _build/gcc_arm_templete_ble_dfu.c.o
sendbuff            0x100             _build/gcc_arm_templete_communicate.c.o

Discarded input sections

 .text          0x00000000        0x0 c:/users/sean/portableware/gcc-arm-none-eabi-5_4-2016q3-20160926-win32/bin/../lib/gcc/arm-none-eabi/5.4.1/armv6-m/crti.o
[...]
Memory Configuration

Name             Origin             Length             Attributes
FLASH            0x0001b000         0x00025000         xr
RAM              0x20002e00         0x00005200         xrw
BOOTLOADER_SETTINGS 0x0003fc00         0x00000400         rw
*default*        0x00000000         0xffffffff

Linker script and memory map


.text           0x0001b000     0xd3d8
 *(.isr_vector)
 .isr_vector    0x0001b000       0xc0 _build/gcc_arm_templete_gcc_startup_nrf51.S.o
                0x0001b000                __isr_vector
 *(.text*)
 .text          0x0001b0c0       0x60 c:/users/sean/portableware/gcc-arm-none-eabi-5_4-2016q3-20160926-win32/bin/../lib/gcc/arm-none-eabi/5.4.1/armv6-m/crtbegin.o
 .text          0x0001b120       0x78 c:/users/sean/portableware/gcc-arm-none-eabi-5_4-2016q3-20160926-win32/bin/../lib/gcc/arm-none-eabi/5.4.1/../../../../arm-none-eabi/lib/armv6-m/crt0.o
                0x0001b120                _start
                0x0001b120                _mainCRTStartup
 .text.exit     0x0001b198       0x2c c:/users/sean/portableware/gcc-arm-none-eabi-5_4-2016q3-20160926-win32/bin/../lib/gcc/arm-none-eabi/5.4.1/../../../../arm-none-eabi/lib/armv6-m\libc_nano.a(lib_a-exit.o)
                0x0001b198                exit
 .text.__libc_init_array
                0x0001b1c4       0x4c c:/users/sean/portableware/gcc-arm-none-eabi-5_4-2016q3-20160926-win32/bin/../lib/gcc/arm-none-eabi/5.4.1/../../../../arm-none-eabi/lib/armv6-m\libc_nano.a(lib_a-init.o)
                0x0001b1c4                __libc_init_array
 .text.memset   0x0001b210       0x10 c:/users/sean/portableware/gcc-arm-none-eabi-5_4-2016q3-20160926-win32/bin/../lib/gcc/arm-none-eabi/5.4.1/../../../../arm-none-eabi/lib/armv6-m\libc_nano.a(lib_a-memset.o)
                0x0001b210                memset
 .text._exit    0x0001b220        0x4 c:/users/sean/portableware/gcc-arm-none-eabi-5_4-2016q3-20160926-win32/bin/../lib/gcc/arm-none-eabi/5.4.1/../../../../arm-none-eabi/lib/armv6-m\libnosys.a(_exit.o)
                0x0001b220                _exit
 .text.fs_evt_handler
                0x0001b224       0x28 _build/gcc_arm_templete_nrf_dfu_flash_buttonless.c.o
 .text.nrf_dfu_flash_init
                0x0001b24c       0x10 _build/gcc_arm_templete_nrf_dfu_flash_buttonless.c.o
                0x0001b24c                nrf_dfu_flash_init
 .text.nrf_dfu_flash_store
                0x0001b25c       0x44 _build/gcc_arm_templete_nrf_dfu_flash_buttonless.c.o
                0x0001b25c                nrf_dfu_flash_store
 .text.nrf_dfu_flash_erase
                0x0001b2a0       0x48 _build/gcc_arm_templete_nrf_dfu_flash_buttonless.c.o
                0x0001b2a0                nrf_dfu_flash_erase
 .text.sd_app_evt_wait
                0x0001b2e8        0x4 _build/gcc_arm_templete_main.c.o
 .text.hour_handle
                0x0001b2ec        0x4 _build/gcc_arm_templete_main.c.o
                0x0001b2ec                hour_handle
 .text.second_handler
                0x0001b2f0        0x8 _build/gcc_arm_templete_main.c.o
                0x0001b2f0                second_handler
 .text.minute_handle
                0x0001b2f8        0x8 _build/gcc_arm_templete_main.c.o
                0x0001b2f8                minute_handle
 .text.startup.main
                0x0001b300       0xac _build/gcc_arm_templete_main.c.o
                0x0001b300                main
 .text.wdt_init
                0x0001b3ac       0x2c _build/gcc_arm_templete_wdt.c.o
                0x0001b3ac                wdt_init
 .text.wdt_start
                0x0001b3d8        0xc _build/gcc_arm_templete_wdt.c.o
                0x0001b3d8                wdt_start
 .text.wdt_feed
                0x0001b3e4       0x20 _build/gcc_arm_templete_wdt.c.o
                0x0001b3e4                wdt_feed
 .text.clock_callback_is_null
                0x0001b404        0x4 _build/gcc_arm_templete_clock.c.o
                0x0001b404                clock_callback_is_null
 .text.register_clock_callbacks
                0x0001b408       0x64 _build/gcc_arm_templete_clock.c.o
                0x0001b408                register_clock_callbacks
 .text.ConvertToUTCTime
                0x0001b46c      0x1dc _build/gcc_arm_templete_clock.c.o
                0x0001b46c                ConvertToUTCTime
 .text.update_clock
                0x0001b648       0xd8 _build/gcc_arm_templete_clock.c.o
 .text.system_clock_init
                0x0001b720       0x44 _build/gcc_arm_templete_clock.c.o
                0x0001b720                system_clock_init
 .text.get_clock_time
                0x0001b764       0x28 _build/gcc_arm_templete_clock.c.o
                0x0001b764                get_clock_time
 .text.get_day_of_week
                0x0001b78c       0x20 _build/gcc_arm_templete_clock.c.o
                0x0001b78c                get_day_of_week
 .text.get_clock_time_counter
                0x0001b7ac        0xc _build/gcc_arm_templete_clock.c.o
                0x0001b7ac                get_clock_time_counter
 .text.sd_ble_gap_disconnect
                0x0001b7b8        0x4 _build/gcc_arm_templete_bles.c.o
 .text.sd_ble_gap_ppcp_set
                0x0001b7bc        0x4 _build/gcc_arm_templete_bles.c.o
 .text.sd_ble_gap_device_name_set
                0x0001b7c0        0x4 _build/gcc_arm_templete_bles.c.o
 .text.sd_ble_gatts_rw_authorize_reply
                0x0001b7c4        0x4 _build/gcc_arm_templete_bles.c.o
 .text.sd_ble_user_mem_reply
                0x0001b7c8        0x4 _build/gcc_arm_templete_bles.c.o
 .text.sd_power_system_off
                0x0001b7cc        0x4 _build/gcc_arm_templete_bles.c.o
 .text.ble_dfu_evt_handler
                0x0001b7d0        0x4 _build/gcc_arm_templete_bles.c.o
 .text.conn_params_error_handler
                0x0001b7d4        0x8 _build/gcc_arm_templete_bles.c.o
 .text.sys_evt_dispatch
                0x0001b7dc       0x10 _build/gcc_arm_templete_bles.c.o
 .text.ble_evt_dispatch
                0x0001b7ec       0xdc _build/gcc_arm_templete_bles.c.o
 .text.pm_evt_handler
                0x0001b8c8       0x80 _build/gcc_arm_templete_bles.c.o
 .text.on_conn_params_evt
                0x0001b948       0x24 _build/gcc_arm_templete_bles.c.o
 .text.on_adv_evt
                0x0001b96c       0x44 _build/gcc_arm_templete_bles.c.o
 .text.get_connect_state
                0x0001b9b0        0x4 _build/gcc_arm_templete_bles.c.o
                0x0001b9b0                get_connect_state
 .text.ble_init
                0x0001b9b4      0x270 _build/gcc_arm_templete_bles.c.o
                0x0001b9b4                ble_init
 .text.check_alarm
                0x0001bc24      0x108 _build/gcc_arm_templete_alarm.c.o
                0x0001bc24                check_alarm
 .text.sd_ble_gatts_service_add
                0x0001bd2c        0x4 _build/gcc_arm_templete_ble_devinfo.c.o
 .text.sd_ble_gatts_characteristic_add
                0x0001bd30        0x4 _build/gcc_arm_templete_ble_devinfo.c.o
 .text.sd_ble_uuid_vs_add
                0x0001bd34        0x4 _build/gcc_arm_templete_ble_devinfo.c.o
 .text.devinfo_callback_is_null
                0x0001bd38        0x4 _build/gcc_arm_templete_ble_devinfo.c.o
                0x0001bd38                devinfo_callback_is_null
 .text.register_devinfo_callbacks
                0x0001bd3c       0x84 _build/gcc_arm_templete_ble_devinfo.c.o
                0x0001bd3c                register_devinfo_callbacks
 .text.ble_devinfo_on_ble_evt
                0x0001bdc0       0xf4 _build/gcc_arm_templete_ble_devinfo.c.o
                0x0001bdc0                ble_devinfo_on_ble_evt
 .text.ble_devinfo_init
                0x0001beb4      0x5bc _build/gcc_arm_templete_ble_devinfo.c.o
                0x0001beb4                ble_devinfo_init
 .text.sd_ble_gatts_service_add
                0x0001c470        0x4 _build/gcc_arm_templete_ble_ebike.c.o
 .text.sd_ble_gatts_characteristic_add
                0x0001c474        0x4 _build/gcc_arm_templete_ble_ebike.c.o
 .text.sd_ble_gatts_value_set
                0x0001c478        0x4 _build/gcc_arm_templete_ble_ebike.c.o
 .text.sd_ble_gatts_hvx
                0x0001c47c        0x4 _build/gcc_arm_templete_ble_ebike.c.o
 .text.sd_ble_uuid_vs_add
                0x0001c480        0x4 _build/gcc_arm_templete_ble_ebike.c.o
 .text.ble_ebike_on_ble_evt
                0x0001c484       0x24 _build/gcc_arm_templete_ble_ebike.c.o
                0x0001c484                ble_ebike_on_ble_evt
 .text.ble_ebike_init
                0x0001c4a8      0x848 _build/gcc_arm_templete_ble_ebike.c.o
                0x0001c4a8                ble_ebike_init
 .text.ble_ebike_battery_update
                0x0001ccf0       0x74 _build/gcc_arm_templete_ble_ebike.c.o
                0x0001ccf0                ble_ebike_battery_update
 .text.ble_ebike_sensor_data_update
                0x0001cd64       0x7c _build/gcc_arm_templete_ble_ebike.c.o
                0x0001cd64                ble_ebike_sensor_data_update
 .text.ble_ebike_special_update
                0x0001cde0       0x7c _build/gcc_arm_templete_ble_ebike.c.o
                0x0001cde0                ble_ebike_special_update
 .text.ble_ebike_settings_update
                0x0001ce5c       0x7c _build/gcc_arm_templete_ble_ebike.c.o
                0x0001ce5c                ble_ebike_settings_update
 .text.ble_ebike_error_update
                0x0001ced8       0x7c _build/gcc_arm_templete_ble_ebike.c.o
                0x0001ced8                ble_ebike_error_update
 .text.ble_ebike_identifiers_update
                0x0001cf54       0x7c _build/gcc_arm_templete_ble_ebike.c.o
                0x0001cf54                ble_ebike_identifiers_update
 .text.ble_ebike_serial_number_update
                0x0001cfd0       0x7c _build/gcc_arm_templete_ble_ebike.c.o
                0x0001cfd0                ble_ebike_serial_number_update
 .text.ble_ebike_feedback_update
                0x0001d04c       0x7c _build/gcc_arm_templete_ble_ebike.c.o
                0x0001d04c                ble_ebike_feedback_update
 .text.uart_event_handle
                0x0001d0c8       0x58 _build/gcc_arm_templete_communicate.c.o
                0x0001d0c8                uart_event_handle
 .text.getSendPacket
                0x0001d120        0x8 _build/gcc_arm_templete_communicate.c.o
                0x0001d120                getSendPacket
 .text.getReceivePacket
                0x0001d128        0x8 _build/gcc_arm_templete_communicate.c.o
                0x0001d128                getReceivePacket
 .text.communicateInit
                0x0001d130       0xb0 _build/gcc_arm_templete_communicate.c.o
                0x0001d130                communicateInit
 .text.send     0x0001d1e0       0x28 _build/gcc_arm_templete_communicate.c.o
                0x0001d1e0                send
 .text.packetInit
                0x0001d208        0xc _build/gcc_arm_templete_packet.c.o
                0x0001d208                packetInit
 .text.packetClear
                0x0001d214        0x8 _build/gcc_arm_templete_packet.c.o
                0x0001d214                packetClear
 .text.setL2Header
                0x0001d21c       0x24 _build/gcc_arm_templete_packet.c.o
                0x0001d21c                setL2Header
 .text.appendValue
                0x0001d240       0x60 _build/gcc_arm_templete_packet.c.o
                0x0001d240                appendValue
 .text.appendData
                0x0001d2a0       0x1c _build/gcc_arm_templete_packet.c.o
                0x0001d2a0                appendData
 .text.genL1Header
                0x0001d2bc       0x5c _build/gcc_arm_templete_packet.c.o
                0x0001d2bc                genL1Header
 .text.packetCheck
                0x0001d318       0x68 _build/gcc_arm_templete_packet.c.o
                0x0001d318                packetCheck
 .text.resolve  0x0001d380      0x108 _build/gcc_arm_templete_packet_parser.c.o
                0x0001d380                resolve
 .text.navigation
                0x0001d488       0x40 _build/gcc_arm_templete_packet_parser.c.o
                0x0001d488                navigation
 .text.navigation_b
                0x0001d4c8       0x40 _build/gcc_arm_templete_packet_parser.c.o
                0x0001d4c8                navigation_b
 .text.message_info
                0x0001d508       0x40 _build/gcc_arm_templete_packet_parser.c.o
                0x0001d508                message_info
 .text.message_data
                0x0001d548       0x40 _build/gcc_arm_templete_packet_parser.c.o
                0x0001d548                message_data
 .text.computers_a
                0x0001d588       0x40 _build/gcc_arm_templete_packet_parser.c.o
                0x0001d588                computers_a
 .text.computers_b
                0x0001d5c8       0x40 _build/gcc_arm_templete_packet_parser.c.o
                0x0001d5c8                computers_b
 .text.feedback
                0x0001d608       0x40 _build/gcc_arm_templete_packet_parser.c.o
                0x0001d608                feedback
 .text.time_sync
                0x0001d648       0x40 _build/gcc_arm_templete_packet_parser.c.o
                0x0001d648                time_sync
 .text.checksum
                0x0001d688      0x18c _build/gcc_arm_templete_checksum.c.o
                0x0001d688                checksum
 .text.bsp_indication_set
                0x0001d814      0x394 _build/gcc_arm_templete_bsp.c.o
                0x0001d814                bsp_indication_set
 .text.bsp_event_to_button_action_assign
                0x0001dba8       0x58 _build/gcc_arm_templete_bsp.c.o
                0x0001dba8                bsp_event_to_button_action_assign
 .text.bsp_wakeup_buttons_set
                0x0001dc00       0x8c _build/gcc_arm_templete_bsp.c.o
                0x0001dc00                bsp_wakeup_buttons_set
 .text.bsp_btn_ble_sleep_mode_prepare
                0x0001dc8c       0x1c _build/gcc_arm_templete_bsp_btn_ble.c.o
                0x0001dc8c                bsp_btn_ble_sleep_mode_prepare
 .text.bsp_btn_ble_on_ble_evt
                0x0001dca8       0xbc _build/gcc_arm_templete_bsp_btn_ble.c.o
                0x0001dca8                bsp_btn_ble_on_ble_evt
 .text.sd_ble_gap_adv_start
                0x0001dd64        0x4 _build/gcc_arm_templete_ble_advertising.c.o
 .text.ble_advertising_start.part.1
                0x0001dd68      0x254 _build/gcc_arm_templete_ble_advertising.c.o
 .text.ble_advertising_init
                0x0001dfbc      0x1ac _build/gcc_arm_templete_ble_advertising.c.o
                0x0001dfbc                ble_advertising_init
 .text.ble_advertising_start
                0x0001e168       0x44 _build/gcc_arm_templete_ble_advertising.c.o
                0x0001e168                ble_advertising_start
 .text.ble_advertising_on_ble_evt
                0x0001e1ac       0xc0 _build/gcc_arm_templete_ble_advertising.c.o
                0x0001e1ac                ble_advertising_on_ble_evt
 .text.ble_advertising_on_sys_evt
                0x0001e26c       0x64 _build/gcc_arm_templete_ble_advertising.c.o
                0x0001e26c                ble_advertising_on_sys_evt
 .text.sd_ble_gap_disconnect
                0x0001e2d0        0x4 _build/gcc_arm_templete_ble_dfu.c.o
 .text.sd_ble_gatts_service_add
                0x0001e2d4        0x4 _build/gcc_arm_templete_ble_dfu.c.o
 .text.sd_ble_gatts_characteristic_add
                0x0001e2d8        0x4 _build/gcc_arm_templete_ble_dfu.c.o
 .text.sd_ble_gatts_hvx
                0x0001e2dc        0x4 _build/gcc_arm_templete_ble_dfu.c.o
 .text.sd_ble_gatts_rw_authorize_reply
                0x0001e2e0        0x4 _build/gcc_arm_templete_ble_dfu.c.o
 .text.sd_ble_uuid_vs_add
                0x0001e2e4        0x4 _build/gcc_arm_templete_ble_dfu.c.o
 .text.flash_callback
                0x0001e2e8       0x20 _build/gcc_arm_templete_ble_dfu.c.o
                0x0001e2e8                flash_callback
 .text.ble_dfu_init
                0x0001e308      0x180 _build/gcc_arm_templete_ble_dfu.c.o
                0x0001e308                ble_dfu_init
 .text.ble_dfu_on_ble_evt
                0x0001e488      0x16c _build/gcc_arm_templete_ble_dfu.c.o
                0x0001e488                ble_dfu_on_ble_evt
 .text.sd_ble_gap_address_get
                0x0001e5f4        0x4 _build/gcc_arm_templete_ble_advdata.c.o
 .text.sd_ble_gap_adv_data_set
                0x0001e5f8        0x4 _build/gcc_arm_templete_ble_advdata.c.o
 .text.sd_ble_gap_appearance_get
                0x0001e5fc        0x4 _build/gcc_arm_templete_ble_advdata.c.o
 .text.sd_ble_gap_device_name_get
                0x0001e600        0x4 _build/gcc_arm_templete_ble_advdata.c.o
 .text.sd_ble_uuid_encode
                0x0001e604        0x4 _build/gcc_arm_templete_ble_advdata.c.o
 .text.uuid_list_sized_encode
                0x0001e608       0xf8 _build/gcc_arm_templete_ble_advdata.c.o
 .text.adv_data_encode
                0x0001e700      0x428 _build/gcc_arm_templete_ble_advdata.c.o
                0x0001e700                adv_data_encode
 .text.ble_advdata_set
                0x0001eb28      0x488 _build/gcc_arm_templete_ble_advdata.c.o
                0x0001eb28                ble_advdata_set
 .text.sd_ble_gap_conn_param_update
                0x0001efb0        0x4 _build/gcc_arm_templete_ble_conn_params.c.o
 .text.sd_ble_gap_disconnect
                0x0001efb4        0x4 _build/gcc_arm_templete_ble_conn_params.c.o
 .text.sd_ble_gap_ppcp_set
                0x0001efb8        0x4 _build/gcc_arm_templete_ble_conn_params.c.o
 .text.sd_ble_gap_ppcp_get
                0x0001efbc        0x4 _build/gcc_arm_templete_ble_conn_params.c.o
 .text.update_timeout_handler
                0x0001efc0       0x78 _build/gcc_arm_templete_ble_conn_params.c.o
 .text.conn_params_negotiation
                0x0001f038       0x88 _build/gcc_arm_templete_ble_conn_params.c.o
 .text.ble_conn_params_init
                0x0001f0c0       0x78 _build/gcc_arm_templete_ble_conn_params.c.o
                0x0001f0c0                ble_conn_params_init
 .text.ble_conn_params_on_ble_evt
                0x0001f138       0xa8 _build/gcc_arm_templete_ble_conn_params.c.o
                0x0001f138                ble_conn_params_on_ble_evt
 .text.ble_conn_state_on_ble_evt
                0x0001f1e0      0x114 _build/gcc_arm_templete_ble_conn_state.c.o
                0x0001f1e0                ble_conn_state_on_ble_evt
 .text.ble_conn_state_role
                0x0001f2f4       0x30 _build/gcc_arm_templete_ble_conn_state.c.o
                0x0001f2f4                ble_conn_state_role
 .text.ble_conn_state_encrypted
                0x0001f324       0x14 _build/gcc_arm_templete_ble_conn_state.c.o
                0x0001f324                ble_conn_state_encrypted
 .text.ble_conn_state_mitm_protected
                0x0001f338       0x14 _build/gcc_arm_templete_ble_conn_state.c.o
                0x0001f338                ble_conn_state_mitm_protected
 .text.ble_conn_state_conn_handles
                0x0001f34c       0x18 _build/gcc_arm_templete_ble_conn_state.c.o
                0x0001f34c                ble_conn_state_conn_handles
 .text.ble_conn_state_user_flag_acquire
                0x0001f364       0x2c _build/gcc_arm_templete_ble_conn_state.c.o
                0x0001f364                ble_conn_state_user_flag_acquire
 .text.ble_conn_state_user_flag_get
                0x0001f390       0x24 _build/gcc_arm_templete_ble_conn_state.c.o
                0x0001f390                ble_conn_state_user_flag_get
 .text.ble_conn_state_user_flag_set
                0x0001f3b4       0x24 _build/gcc_arm_templete_ble_conn_state.c.o
                0x0001f3b4                ble_conn_state_user_flag_set
 .text.ble_conn_state_user_flag_collection
                0x0001f3d8       0x1c _build/gcc_arm_templete_ble_conn_state.c.o
                0x0001f3d8                ble_conn_state_user_flag_collection
 .text.ble_srv_is_notification_enabled
                0x0001f3f4        0x8 _build/gcc_arm_templete_ble_srv_common.c.o
                0x0001f3f4                ble_srv_is_notification_enabled
 .text.local_db_update_in_evt
                0x0001f3fc       0x80 _build/gcc_arm_templete_gatt_cache_manager.c.o
 .text.local_db_apply_in_evt.part.1
                0x0001f47c       0x78 _build/gcc_arm_templete_gatt_cache_manager.c.o
 .text.service_changed_pending_flags_check.part.2
                0x0001f4f4      0x118 _build/gcc_arm_templete_gatt_cache_manager.c.o
 .text.gcm_gscm_evt_handler
                0x0001f60c       0x7c _build/gcc_arm_templete_gatt_cache_manager.c.o
                0x0001f60c                gcm_gscm_evt_handler
 .text.gcm_im_evt_handler
                0x0001f688       0xa8 _build/gcc_arm_templete_gatt_cache_manager.c.o
                0x0001f688                gcm_im_evt_handler
 .text.gcm_smd_evt_handler
                0x0001f730       0x9c _build/gcc_arm_templete_gatt_cache_manager.c.o
                0x0001f730                gcm_smd_evt_handler
 .text.gcm_init
                0x0001f7cc       0x50 _build/gcc_arm_templete_gatt_cache_manager.c.o
                0x0001f7cc                gcm_init
 .text.gcm_ble_evt_handler
                0x0001f81c      0x13c _build/gcc_arm_templete_gatt_cache_manager.c.o
                0x0001f81c                gcm_ble_evt_handler
 .text.gcm_local_database_has_changed
                0x0001f958       0x78 _build/gcc_arm_templete_gatt_cache_manager.c.o
                0x0001f958                gcm_local_database_has_changed
 .text.sd_ble_gatts_service_changed
                0x0001f9d0        0x4 _build/gcc_arm_templete_gatts_cache_manager.c.o
 .text.sd_ble_gatts_sys_attr_set
                0x0001f9d4        0x4 _build/gcc_arm_templete_gatts_cache_manager.c.o
 .text.sd_ble_gatts_sys_attr_get
                0x0001f9d8        0x4 _build/gcc_arm_templete_gatts_cache_manager.c.o
 .text.gscm_pdb_evt_handler
                0x0001f9dc       0x74 _build/gcc_arm_templete_gatts_cache_manager.c.o
                0x0001f9dc                gscm_pdb_evt_handler
 .text.gscm_init
                0x0001fa50       0x10 _build/gcc_arm_templete_gatts_cache_manager.c.o
                0x0001fa50                gscm_init
 .text.gscm_local_db_cache_update
                0x0001fa60       0xa8 _build/gcc_arm_templete_gatts_cache_manager.c.o
                0x0001fa60                gscm_local_db_cache_update
 .text.gscm_local_db_cache_apply
                0x0001fb08       0x94 _build/gcc_arm_templete_gatts_cache_manager.c.o
                0x0001fb08                gscm_local_db_cache_apply
 .text.gscm_local_database_has_changed
                0x0001fb9c       0x48 _build/gcc_arm_templete_gatts_cache_manager.c.o
                0x0001fb9c                gscm_local_database_has_changed
 .text.gscm_service_changed_ind_needed
                0x0001fbe4       0x20 _build/gcc_arm_templete_gatts_cache_manager.c.o
                0x0001fbe4                gscm_service_changed_ind_needed
 .text.gscm_service_changed_ind_send
                0x0001fc04       0x30 _build/gcc_arm_templete_gatts_cache_manager.c.o
                0x0001fc04                gscm_service_changed_ind_send
 .text.gscm_db_change_notification_done
                0x0001fc34       0x20 _build/gcc_arm_templete_gatts_cache_manager.c.o
                0x0001fc34                gscm_db_change_notification_done
 .text.sd_ble_gap_address_get
                0x0001fc54        0x4 _build/gcc_arm_templete_id_manager.c.o
 .text.sd_ecb_block_encrypt
                0x0001fc58        0x4 _build/gcc_arm_templete_id_manager.c.o
 .text.im_ble_evt_handler
                0x0001fc5c      0x2cc _build/gcc_arm_templete_id_manager.c.o
                0x0001fc5c                im_ble_evt_handler
 .text.im_pdb_evt_handler
                0x0001ff28      0x17c _build/gcc_arm_templete_id_manager.c.o
                0x0001ff28                im_pdb_evt_handler
 .text.im_init  0x000200a4       0x48 _build/gcc_arm_templete_id_manager.c.o
                0x000200a4                im_init
 .text.im_peer_id_get_by_conn_handle
                0x000200ec       0x80 _build/gcc_arm_templete_id_manager.c.o
                0x000200ec                im_peer_id_get_by_conn_handle
 .text.im_ble_addr_get
                0x0002016c       0x8c _build/gcc_arm_templete_id_manager.c.o
                0x0002016c                im_ble_addr_get
 .text.im_master_ids_compare
                0x000201f8       0x58 _build/gcc_arm_templete_id_manager.c.o
                0x000201f8                im_master_ids_compare
 .text.im_peer_id_get_by_master_id
                0x00020250       0xdc _build/gcc_arm_templete_id_manager.c.o
                0x00020250                im_peer_id_get_by_master_id
 .text.im_conn_handle_get
                0x0002032c       0x6c _build/gcc_arm_templete_id_manager.c.o
                0x0002032c                im_conn_handle_get
 .text.im_master_id_is_valid
                0x00020398       0x40 _build/gcc_arm_templete_id_manager.c.o
                0x00020398                im_master_id_is_valid
 .text.im_new_peer_id
                0x000203d8       0x7c _build/gcc_arm_templete_id_manager.c.o
                0x000203d8                im_new_peer_id
 .text.im_peer_free
                0x00020454       0xf4 _build/gcc_arm_templete_id_manager.c.o
                0x00020454                im_peer_free
 .text.peer_data_delete
                0x00020548       0xa0 _build/gcc_arm_templete_peer_data_storage.c.o
 .text.fds_evt_handler
                0x000205e8      0x134 _build/gcc_arm_templete_peer_data_storage.c.o
 .text.pds_init
                0x0002071c       0x70 _build/gcc_arm_templete_peer_data_storage.c.o
                0x0002071c                pds_init
 .text.pds_peer_data_read
                0x0002078c       0x90 _build/gcc_arm_templete_peer_data_storage.c.o
                0x0002078c                pds_peer_data_read
 .text.pds_peer_data_iterate_prepare
                0x0002081c       0x14 _build/gcc_arm_templete_peer_data_storage.c.o
                0x0002081c                pds_peer_data_iterate_prepare
 .text.pds_peer_data_iterate
                0x00020830       0x58 _build/gcc_arm_templete_peer_data_storage.c.o
                0x00020830                pds_peer_data_iterate
 .text.pds_space_reserve
                0x00020888       0x38 _build/gcc_arm_templete_peer_data_storage.c.o
                0x00020888                pds_space_reserve
 .text.pds_space_reserve_cancel
                0x000208c0       0x1c _build/gcc_arm_templete_peer_data_storage.c.o
                0x000208c0                pds_space_reserve_cancel
 .text.pds_peer_data_store
                0x000208dc       0xbc _build/gcc_arm_templete_peer_data_storage.c.o
                0x000208dc                pds_peer_data_store
 .text.pds_peer_id_allocate
                0x00020998       0x10 _build/gcc_arm_templete_peer_data_storage.c.o
                0x00020998                pds_peer_id_allocate
 .text.pds_peer_id_free
                0x000209a8       0x18 _build/gcc_arm_templete_peer_data_storage.c.o
                0x000209a8                pds_peer_id_free
 .text.pds_peer_id_is_allocated
                0x000209c0        0x8 _build/gcc_arm_templete_peer_data_storage.c.o
                0x000209c0                pds_peer_id_is_allocated
 .text.pds_next_peer_id_get
                0x000209c8        0x8 _build/gcc_arm_templete_peer_data_storage.c.o
                0x000209c8                pds_next_peer_id_get
 .text.pds_next_deleted_peer_id_get
                0x000209d0        0x8 _build/gcc_arm_templete_peer_data_storage.c.o
                0x000209d0                pds_next_deleted_peer_id_get
 .text.pdb_write_buf_store.part.2
                0x000209d8      0x340 _build/gcc_arm_templete_peer_database.c.o
 .text.pdb_pds_evt_handler
                0x00020d18      0x4dc _build/gcc_arm_templete_peer_database.c.o
                0x00020d18                pdb_pds_evt_handler
 .text.pdb_init
                0x000211f4      0x14c _build/gcc_arm_templete_peer_database.c.o
                0x000211f4                pdb_init
 .text.pdb_peer_allocate
                0x00021340        0x8 _build/gcc_arm_templete_peer_database.c.o
                0x00021340                pdb_peer_allocate
 .text.pdb_peer_free
                0x00021348      0x3e8 _build/gcc_arm_templete_peer_database.c.o
                0x00021348                pdb_peer_free
 .text.pdb_peer_data_ptr_get
                0x00021730        0xc _build/gcc_arm_templete_peer_database.c.o
                0x00021730                pdb_peer_data_ptr_get
 .text.pdb_write_buf_get
                0x0002173c      0x630 _build/gcc_arm_templete_peer_database.c.o
                0x0002173c                pdb_write_buf_get
 .text.pdb_write_buf_release
                0x00021d6c      0x2ac _build/gcc_arm_templete_peer_database.c.o
                0x00021d6c                pdb_write_buf_release
 .text.pdb_write_buf_store_prepare
                0x00022018      0x2e0 _build/gcc_arm_templete_peer_database.c.o
                0x00022018                pdb_write_buf_store_prepare
 .text.pdb_write_buf_store
                0x000222f8       0x18 _build/gcc_arm_templete_peer_database.c.o
                0x000222f8                pdb_write_buf_store
 .text.pdb_next_peer_id_get
                0x00022310        0x8 _build/gcc_arm_templete_peer_database.c.o
                0x00022310                pdb_next_peer_id_get
 .text.pdb_next_deleted_peer_id_get
                0x00022318        0x8 _build/gcc_arm_templete_peer_database.c.o
                0x00022318                pdb_next_deleted_peer_id_get
 .text.pdb_peer_data_load
                0x00022320       0x14 _build/gcc_arm_templete_peer_database.c.o
                0x00022320                pdb_peer_data_load
 .text.pdb_raw_store
                0x00022334        0xc _build/gcc_arm_templete_peer_database.c.o
                0x00022334                pdb_raw_store
 .text.peer_id_init
                0x00022340       0x2c _build/gcc_arm_templete_peer_id.c.o
                0x00022340                peer_id_init
 .text.peer_id_allocate
                0x0002236c       0x40 _build/gcc_arm_templete_peer_id.c.o
                0x0002236c                peer_id_allocate
 .text.peer_id_delete
                0x000223ac       0x2c _build/gcc_arm_templete_peer_id.c.o
                0x000223ac                peer_id_delete
 .text.peer_id_free
                0x000223d8       0x24 _build/gcc_arm_templete_peer_id.c.o
                0x000223d8                peer_id_free
 .text.peer_id_is_allocated
                0x000223fc       0x18 _build/gcc_arm_templete_peer_id.c.o
                0x000223fc                peer_id_is_allocated
 .text.peer_id_get_next_used
                0x00022414       0x68 _build/gcc_arm_templete_peer_id.c.o
                0x00022414                peer_id_get_next_used
 .text.peer_id_get_next_deleted
                0x0002247c       0x44 _build/gcc_arm_templete_peer_id.c.o
                0x0002247c                peer_id_get_next_deleted
 .text.pm_pdb_evt_handler
                0x000224c0      0x1f8 _build/gcc_arm_templete_peer_manager.c.o
                0x000224c0                pm_pdb_evt_handler
 .text.pm_sm_evt_handler
                0x000226b8      0x170 _build/gcc_arm_templete_peer_manager.c.o
                0x000226b8                pm_sm_evt_handler
 .text.pm_gcm_evt_handler
                0x00022828       0x9c _build/gcc_arm_templete_peer_manager.c.o
                0x00022828                pm_gcm_evt_handler
 .text.pm_im_evt_handler
                0x000228c4       0x78 _build/gcc_arm_templete_peer_manager.c.o
                0x000228c4                pm_im_evt_handler
 .text.pm_on_ble_evt
                0x0002293c       0x24 _build/gcc_arm_templete_peer_manager.c.o
                0x0002293c                pm_on_ble_evt
 .text.pm_init  0x00022960       0x90 _build/gcc_arm_templete_peer_manager.c.o
                0x00022960                pm_init
 .text.pm_register
                0x000229f0       0x34 _build/gcc_arm_templete_peer_manager.c.o
                0x000229f0                pm_register
 .text.pm_sec_params_set
                0x00022a24       0x1c _build/gcc_arm_templete_peer_manager.c.o
                0x00022a24                pm_sec_params_set
 .text.pm_conn_secure
                0x00022a40       0x1c _build/gcc_arm_templete_peer_manager.c.o
                0x00022a40                pm_conn_secure
 .text.pm_conn_sec_config_reply
                0x00022a5c        0x8 _build/gcc_arm_templete_peer_manager.c.o
                0x00022a5c                pm_conn_sec_config_reply
 .text.pm_local_database_has_changed
                0x00022a64       0x14 _build/gcc_arm_templete_peer_manager.c.o
                0x00022a64                pm_local_database_has_changed
 .text.pm_peers_delete
                0x00022a78       0x54 _build/gcc_arm_templete_peer_manager.c.o
                0x00022a78                pm_peers_delete
 .text.pm_peer_rank_highest
                0x00022acc      0x198 _build/gcc_arm_templete_peer_manager.c.o
                0x00022acc                pm_peer_rank_highest
 .text.pm_buffer_init
                0x00022c64       0x50 _build/gcc_arm_templete_pm_buffer.c.o
                0x00022c64                pm_buffer_init
 .text.pm_buffer_block_acquire
                0x00022cb4       0x9c _build/gcc_arm_templete_pm_buffer.c.o
                0x00022cb4                pm_buffer_block_acquire
 .text.pm_buffer_ptr_get
                0x00022d50       0x34 _build/gcc_arm_templete_pm_buffer.c.o
                0x00022d50                pm_buffer_ptr_get
 .text.pm_buffer_release
                0x00022d84       0x30 _build/gcc_arm_templete_pm_buffer.c.o
                0x00022d84                pm_buffer_release
 .text.pm_mutex_init
                0x00022db4       0x14 _build/gcc_arm_templete_pm_mutex.c.o
                0x00022db4                pm_mutex_init
 .text.pm_mutex_lock
                0x00022dc8       0x4c _build/gcc_arm_templete_pm_mutex.c.o
                0x00022dc8                pm_mutex_lock
 .text.pm_mutex_unlock
                0x00022e14       0x3c _build/gcc_arm_templete_pm_mutex.c.o
                0x00022e14                pm_mutex_unlock
 .text.pm_mutex_lock_first_available
                0x00022e50       0x84 _build/gcc_arm_templete_pm_mutex.c.o
                0x00022e50                pm_mutex_lock_first_available
 .text.pm_mutex_lock_status_get
                0x00022ed4       0x20 _build/gcc_arm_templete_pm_mutex.c.o
                0x00022ed4                pm_mutex_lock_status_get
 .text.sd_ble_gap_authenticate
                0x00022ef4        0x4 _build/gcc_arm_templete_security_dispatcher.c.o
 .text.sd_ble_gap_sec_params_reply
                0x00022ef8        0x4 _build/gcc_arm_templete_security_dispatcher.c.o
 .text.sd_ble_gap_encrypt
                0x00022efc        0x4 _build/gcc_arm_templete_security_dispatcher.c.o
 .text.sd_ble_gap_sec_info_reply
                0x00022f00        0x4 _build/gcc_arm_templete_security_dispatcher.c.o
 .text.pairing_failure
                0x00022f04       0x80 _build/gcc_arm_templete_security_dispatcher.c.o
 .text.smd_pdb_evt_handler
                0x00022f84       0x40 _build/gcc_arm_templete_security_dispatcher.c.o
                0x00022f84                smd_pdb_evt_handler
 .text.smd_init
                0x00022fc4       0x68 _build/gcc_arm_templete_security_dispatcher.c.o
                0x00022fc4                smd_init
 .text.smd_params_reply
                0x0002302c      0x1e8 _build/gcc_arm_templete_security_dispatcher.c.o
                0x0002302c                smd_params_reply
 .text.smd_link_secure
                0x00023214      0x24c _build/gcc_arm_templete_security_dispatcher.c.o
                0x00023214                smd_link_secure
 .text.smd_ble_evt_handler
                0x00023460      0x3a0 _build/gcc_arm_templete_security_dispatcher.c.o
                0x00023460                smd_ble_evt_handler
 .text.link_secure.part.1
                0x00023800      0x168 _build/gcc_arm_templete_security_manager.c.o
 .text.smd_params_reply_perform
                0x00023968      0x180 _build/gcc_arm_templete_security_manager.c.o
 .text.sm_smd_evt_handler
                0x00023ae8       0x74 _build/gcc_arm_templete_security_manager.c.o
                0x00023ae8                sm_smd_evt_handler
 .text.sm_pdb_evt_handler
                0x00023b5c      0x1a8 _build/gcc_arm_templete_security_manager.c.o
                0x00023b5c                sm_pdb_evt_handler
 .text.sm_init  0x00023d04       0xb8 _build/gcc_arm_templete_security_manager.c.o
                0x00023d04                sm_init
 .text.sm_ble_evt_handler
                0x00023dbc       0xa0 _build/gcc_arm_templete_security_manager.c.o
                0x00023dbc                sm_ble_evt_handler
 .text.sm_sec_params_set
                0x00023e5c       0x80 _build/gcc_arm_templete_security_manager.c.o
                0x00023e5c                sm_sec_params_set
 .text.sm_conn_sec_config_reply
                0x00023edc       0x18 _build/gcc_arm_templete_security_manager.c.o
                0x00023edc                sm_conn_sec_config_reply
 .text.sm_link_secure
                0x00023ef4       0xcc _build/gcc_arm_templete_security_manager.c.o
                0x00023ef4                sm_link_secure
 .text.POWER_CLOCK_IRQHandler
                0x00023fc0       0x78 _build/gcc_arm_templete_nrf_drv_clock.c.o
                0x00023fc0                POWER_CLOCK_IRQHandler
 .text.nrf_drv_clock_on_soc_event
                0x00024038       0x24 _build/gcc_arm_templete_nrf_drv_clock.c.o
                0x00024038                nrf_drv_clock_on_soc_event
 .text.nrf_drv_clock_on_sd_enable
                0x0002405c       0x5c _build/gcc_arm_templete_nrf_drv_clock.c.o
                0x0002405c                nrf_drv_clock_on_sd_enable
 .text.nrf_drv_common_irq_enable
                0x000240b8       0x7c _build/gcc_arm_templete_nrf_drv_common.c.o
                0x000240b8                nrf_drv_common_irq_enable
 .text.nrf_drv_gpiote_uninit
                0x00024134       0xf0 _build/gcc_arm_templete_nrf_drv_gpiote.c.o
                0x00024134                nrf_drv_gpiote_uninit
 .text.GPIOTE_IRQHandler
                0x00024224      0x498 _build/gcc_arm_templete_nrf_drv_gpiote.c.o
                0x00024224                GPIOTE_IRQHandler
 .text.nrf_drv_uart_init
                0x000246bc      0x154 _build/gcc_arm_templete_nrf_drv_uart.c.o
                0x000246bc                nrf_drv_uart_init
 .text.nrf_drv_uart_tx
                0x00024810      0x104 _build/gcc_arm_templete_nrf_drv_uart.c.o
                0x00024810                nrf_drv_uart_tx
 .text.nrf_drv_uart_tx_in_progress
                0x00024914       0x1c _build/gcc_arm_templete_nrf_drv_uart.c.o
                0x00024914                nrf_drv_uart_tx_in_progress
 .text.nrf_drv_uart_rx
                0x00024930      0x1b4 _build/gcc_arm_templete_nrf_drv_uart.c.o
                0x00024930                nrf_drv_uart_rx
 .text.nrf_drv_uart_rx_enable
                0x00024ae4       0x3c _build/gcc_arm_templete_nrf_drv_uart.c.o
                0x00024ae4                nrf_drv_uart_rx_enable
 .text.UART0_IRQHandler
                0x00024b20      0x198 _build/gcc_arm_templete_nrf_drv_uart.c.o
                0x00024b20                UART0_IRQHandler
 .text.dfu_settings_write_callback
                0x00024cb8       0x20 _build/gcc_arm_templete_nrf_dfu_settings.c.o
 .text.nrf_dfu_settings_init
                0x00024cd8       0xa4 _build/gcc_arm_templete_nrf_dfu_settings.c.o
                0x00024cd8                nrf_dfu_settings_init
 .text.nrf_dfu_settings_write
                0x00024d7c       0x78 _build/gcc_arm_templete_nrf_dfu_settings.c.o
                0x00024d7c                nrf_dfu_settings_write
 .text.crc32_compute
                0x00024df4       0x90 _build/gcc_arm_templete_crc32.c.o
                0x00024df4                crc32_compute
 .text.gc_record_find_next
                0x00024e84       0xc4 _build/gcc_arm_templete_fds.c.o
 .text.record_find_by_desc
                0x00024f48       0xe4 _build/gcc_arm_templete_fds.c.o
 .text.record_find.part.3
                0x0002502c       0xc8 _build/gcc_arm_templete_fds.c.o
 .text.queue_process
                0x000250f4      0x768 _build/gcc_arm_templete_fds.c.o
 .text.fs_event_handler
                0x0002585c        0xc _build/gcc_arm_templete_fds.c.o
 .text.write_enqueue.part.7
                0x00025868      0x20c _build/gcc_arm_templete_fds.c.o
 .text.fds_register
                0x00025a74       0x24 _build/gcc_arm_templete_fds.c.o
                0x00025a74                fds_register
 .text.fds_init
                0x00025a98      0x30c _build/gcc_arm_templete_fds.c.o
                0x00025a98                fds_init
 .text.fds_record_open
                0x00025da4       0x50 _build/gcc_arm_templete_fds.c.o
                0x00025da4                fds_record_open
 .text.fds_record_close
                0x00025df4       0x4c _build/gcc_arm_templete_fds.c.o
                0x00025df4                fds_record_close
 .text.fds_reserve
                0x00025e40       0x70 _build/gcc_arm_templete_fds.c.o
                0x00025e40                fds_reserve
 .text.fds_reserve_cancel
                0x00025eb0       0x48 _build/gcc_arm_templete_fds.c.o
                0x00025eb0                fds_reserve_cancel
 .text.fds_record_write
                0x00025ef8       0x3c _build/gcc_arm_templete_fds.c.o
                0x00025ef8                fds_record_write
 .text.fds_record_write_reserved
                0x00025f34       0x40 _build/gcc_arm_templete_fds.c.o
                0x00025f34                fds_record_write_reserved
 .text.fds_record_update
                0x00025f74       0x44 _build/gcc_arm_templete_fds.c.o
                0x00025f74                fds_record_update
 .text.fds_file_delete
                0x00025fb8       0x6c _build/gcc_arm_templete_fds.c.o
                0x00025fb8                fds_file_delete
 .text.fds_gc   0x00026024       0x68 _build/gcc_arm_templete_fds.c.o
                0x00026024                fds_gc
 .text.fds_record_find
                0x0002608c       0x38 _build/gcc_arm_templete_fds.c.o
                0x0002608c                fds_record_find
 .text.fds_record_find_by_key
                0x000260c4       0x38 _build/gcc_arm_templete_fds.c.o
                0x000260c4                fds_record_find_by_key
 .text.fds_record_find_in_file
                0x000260fc       0x38 _build/gcc_arm_templete_fds.c.o
                0x000260fc                fds_record_find_in_file
 .text.fds_record_id_from_desc
                0x00026134       0x14 _build/gcc_arm_templete_fds.c.o
                0x00026134                fds_record_id_from_desc
 .text.app_fifo_init
                0x00026148       0x28 _build/gcc_arm_templete_app_fifo.c.o
                0x00026148                app_fifo_init
 .text.app_fifo_put
                0x00026170       0x28 _build/gcc_arm_templete_app_fifo.c.o
                0x00026170                app_fifo_put
 .text.app_fifo_get
                0x00026198       0x28 _build/gcc_arm_templete_app_fifo.c.o
                0x00026198                app_fifo_get
 .text.sd_flash_write
                0x000261c0        0x4 _build/gcc_arm_templete_fstorage.c.o
 .text.sd_flash_page_erase
                0x000261c4        0x4 _build/gcc_arm_templete_fstorage.c.o
 .text.unlikely.queue_get_next_free
                0x000261c8       0x34 _build/gcc_arm_templete_fstorage.c.o
 .text.queue_process
                0x000261fc       0xc8 _build/gcc_arm_templete_fstorage.c.o
 .text.fs_init  0x000262c4       0xc4 _build/gcc_arm_templete_fstorage.c.o
                0x000262c4                fs_init
 .text.fs_store
                0x00026388       0xb8 _build/gcc_arm_templete_fstorage.c.o
                0x00026388                fs_store
 .text.fs_erase
                0x00026440       0xac _build/gcc_arm_templete_fstorage.c.o
                0x00026440                fs_erase
 .text.fs_queued_op_count_get
                0x000264ec       0x18 _build/gcc_arm_templete_fstorage.c.o
                0x000264ec                fs_queued_op_count_get
 .text.fs_sys_event_handler
                0x00026504      0x2b0 _build/gcc_arm_templete_fstorage.c.o
                0x00026504                fs_sys_event_handler
 .text.app_sched_init
                0x000267b4       0x4c _build/gcc_arm_templete_app_scheduler.c.o
                0x000267b4                app_sched_init
 .text.app_sched_event_put
                0x00026800       0xdc _build/gcc_arm_templete_app_scheduler.c.o
                0x00026800                app_sched_event_put
 .text.app_sched_execute
                0x000268dc       0x7c _build/gcc_arm_templete_app_scheduler.c.o
                0x000268dc                app_sched_execute
 .text.RTC1_IRQHandler
                0x00026958       0xdc _build/gcc_arm_templete_app_timer.c.o
                0x00026958                RTC1_IRQHandler
 .text.SWI0_IRQHandler
                0x00026a34      0x500 _build/gcc_arm_templete_app_timer.c.o
                0x00026a34                SWI0_IRQHandler
 .text.app_timer_init
                0x00026f34      0x130 _build/gcc_arm_templete_app_timer.c.o
                0x00026f34                app_timer_init
 .text.app_timer_create
                0x00027064       0x34 _build/gcc_arm_templete_app_timer.c.o
                0x00027064                app_timer_create
 .text.app_timer_start
                0x00027098       0xc0 _build/gcc_arm_templete_app_timer.c.o
                0x00027098                app_timer_start
 .text.app_timer_stop
                0x00027158       0x84 _build/gcc_arm_templete_app_timer.c.o
                0x00027158                app_timer_stop
 .text.uart_event_handler
                0x000271dc       0xd8 _build/gcc_arm_templete_app_uart_fifo.c.o
 .text.app_uart_init
                0x000272b4       0xbc _build/gcc_arm_templete_app_uart_fifo.c.o
                0x000272b4                app_uart_init
 .text.app_uart_get
                0x00027370       0x40 _build/gcc_arm_templete_app_uart_fifo.c.o
                0x00027370                app_uart_get
 .text.app_uart_put
                0x000273b0       0x48 _build/gcc_arm_templete_app_uart_fifo.c.o
                0x000273b0                app_uart_put
 .text.app_error_handler_bare
                0x000273f8       0x20 _build/gcc_arm_templete_app_error.c.o
                0x000273f8                app_error_handler_bare
 .text.app_error_fault_handler
                0x00027418       0x1c _build/gcc_arm_templete_app_error_weak.c.o
                0x00027418                app_error_fault_handler
 .text.app_util_critical_region_enter
                0x00027434       0x40 _build/gcc_arm_templete_app_util_platform.c.o
                0x00027434                app_util_critical_region_enter
 .text.app_util_critical_region_exit
                0x00027474       0x2c _build/gcc_arm_templete_app_util_platform.c.o
                0x00027474                app_util_critical_region_exit
 .text.sdk_mapped_flags_first_key_index_get
                0x000274a0       0x58 _build/gcc_arm_templete_sdk_mapped_flags.c.o
                0x000274a0                sdk_mapped_flags_first_key_index_get
 .text.sdk_mapped_flags_update_by_key
                0x000274f8       0x78 _build/gcc_arm_templete_sdk_mapped_flags.c.o
                0x000274f8                sdk_mapped_flags_update_by_key
 .text.sdk_mapped_flags_bulk_update_by_key
                0x00027570      0x230 _build/gcc_arm_templete_sdk_mapped_flags.c.o
                0x00027570                sdk_mapped_flags_bulk_update_by_key
 .text.sdk_mapped_flags_get_by_key
                0x000277a0       0x64 _build/gcc_arm_templete_sdk_mapped_flags.c.o
                0x000277a0                sdk_mapped_flags_get_by_key
 .text.sdk_mapped_flags_key_list_get
                0x00027804       0x78 _build/gcc_arm_templete_sdk_mapped_flags.c.o
                0x00027804                sdk_mapped_flags_key_list_get
 .text.sd_evt_get
                0x0002787c        0x4 _build/gcc_arm_templete_softdevice_handler.c.o
 .text.sd_softdevice_enable
                0x00027880        0x4 _build/gcc_arm_templete_softdevice_handler.c.o
 .text.sd_ble_enable
                0x00027884        0x4 _build/gcc_arm_templete_softdevice_handler.c.o
 .text.sd_ble_evt_get
                0x00027888        0x4 _build/gcc_arm_templete_softdevice_handler.c.o
 .text.softdevice_fault_handler
                0x0002788c        0x8 _build/gcc_arm_templete_softdevice_handler.c.o
                0x0002788c                softdevice_fault_handler
 .text.intern_softdevice_events_execute.part.1
                0x00027894       0xcc _build/gcc_arm_templete_softdevice_handler.c.o
 .text.softdevice_handler_is_enabled
                0x00027960        0xc _build/gcc_arm_templete_softdevice_handler.c.o
                0x00027960                softdevice_handler_is_enabled
 .text.softdevice_handler_init
                0x0002796c       0xa0 _build/gcc_arm_templete_softdevice_handler.c.o
                0x0002796c                softdevice_handler_init
 .text.softdevice_ble_evt_handler_set
                0x00027a0c       0x14 _build/gcc_arm_templete_softdevice_handler.c.o
                0x00027a0c                softdevice_ble_evt_handler_set
 .text.softdevice_sys_evt_handler_set
                0x00027a20       0x14 _build/gcc_arm_templete_softdevice_handler.c.o
                0x00027a20                softdevice_sys_evt_handler_set
 .text.SWI2_IRQHandler
                0x00027a34       0x30 _build/gcc_arm_templete_softdevice_handler.c.o
                0x00027a34                SWI2_IRQHandler
 .text.softdevice_enable_get_default_config
                0x00027a64       0x34 _build/gcc_arm_templete_softdevice_handler.c.o
                0x00027a64                softdevice_enable_get_default_config
 .text.softdevice_enable
                0x00027a98       0x1c _build/gcc_arm_templete_softdevice_handler.c.o
                0x00027a98                softdevice_enable
 .text          0x00027ab4       0x4c _build/gcc_arm_templete_gcc_startup_nrf51.S.o
                0x00027ab4                Reset_Handler
                0x00027af4                NMI_Handler
                0x00027af6                HardFault_Handler
                0x00027af8                SVC_Handler
                0x00027afa                PendSV_Handler
                0x00027afc                SysTick_Handler
                0x00027afe                RTC0_IRQHandler
                0x00027afe                SPI0_TWI0_IRQHandler
                0x00027afe                LPCOMP_IRQHandler
                0x00027afe                SWI4_IRQHandler
                0x00027afe                TEMP_IRQHandler
                0x00027afe                QDEC_IRQHandler
                0x00027afe                SWI5_IRQHandler
                0x00027afe                TIMER0_IRQHandler
                0x00027afe                RADIO_IRQHandler
                0x00027afe                TIMER1_IRQHandler
                0x00027afe                ECB_IRQHandler
                0x00027afe                Default_Handler
                0x00027afe                ADC_IRQHandler
                0x00027afe                SWI3_IRQHandler
                0x00027afe                CCM_AAR_IRQHandler
                0x00027afe                WDT_IRQHandler
                0x00027afe                TIMER2_IRQHandler
                0x00027afe                RNG_IRQHandler
                0x00027afe                SPI1_TWI1_IRQHandler
                0x00027afe                SWI1_IRQHandler
 .text.SystemInit
                0x00027b00       0xe4 _build/gcc_arm_templete_system_nrf51.c.o
                0x00027b00                SystemInit
 .text          0x00027be4      0x114 c:/users/sean/portableware/gcc-arm-none-eabi-5_4-2016q3-20160926-win32/bin/../lib/gcc/arm-none-eabi/5.4.1/armv6-m\libgcc.a(_udivsi3.o)
                0x00027be4                __aeabi_uidiv
                0x00027be4                __udivsi3
                0x00027cf0                __aeabi_uidivmod
 .text          0x00027cf8      0x1d4 c:/users/sean/portableware/gcc-arm-none-eabi-5_4-2016q3-20160926-win32/bin/../lib/gcc/arm-none-eabi/5.4.1/armv6-m\libgcc.a(_divsi3.o)
                0x00027cf8                __divsi3
                0x00027cf8                __aeabi_idiv
                0x00027ec4                __aeabi_idivmod
 .text          0x00027ecc        0x4 c:/users/sean/portableware/gcc-arm-none-eabi-5_4-2016q3-20160926-win32/bin/../lib/gcc/arm-none-eabi/5.4.1/armv6-m\libgcc.a(_dvmd_tls.o)
                0x00027ecc                __aeabi_idiv0
                0x00027ecc                __aeabi_ldiv0
 .text.memcmp   0x00027ed0       0x1e c:/users/sean/portableware/gcc-arm-none-eabi-5_4-2016q3-20160926-win32/bin/../lib/gcc/arm-none-eabi/5.4.1/../../../../arm-none-eabi/lib/armv6-m\libc_nano.a(lib_a-memcmp.o)
                0x00027ed0                memcmp
 .text.memcpy   0x00027eee       0x12 c:/users/sean/portableware/gcc-arm-none-eabi-5_4-2016q3-20160926-win32/bin/../lib/gcc/arm-none-eabi/5.4.1/../../../../arm-none-eabi/lib/armv6-m\libc_nano.a(lib_a-memcpy-stub.o)
                0x00027eee                memcpy
 .text          0x00027f00        0xe c:/users/sean/portableware/gcc-arm-none-eabi-5_4-2016q3-20160926-win32/bin/../lib/gcc/arm-none-eabi/5.4.1/../../../../arm-none-eabi/lib/armv6-m\libc_nano.a(lib_a-strlen.o)
                0x00027f00                strlen
 *(.init)
 *fill*         0x00027f0e        0x2 
 .init          0x00027f10        0x4 c:/users/sean/portableware/gcc-arm-none-eabi-5_4-2016q3-20160926-win32/bin/../lib/gcc/arm-none-eabi/5.4.1/armv6-m/crti.o
                0x00027f10                _init
 .init          0x00027f14        0x8 c:/users/sean/portableware/gcc-arm-none-eabi-5_4-2016q3-20160926-win32/bin/../lib/gcc/arm-none-eabi/5.4.1/armv6-m/crtn.o
 *(.fini)
 .fini          0x00027f1c        0x4 c:/users/sean/portableware/gcc-arm-none-eabi-5_4-2016q3-20160926-win32/bin/../lib/gcc/arm-none-eabi/5.4.1/armv6-m/crti.o
                0x00027f1c                _fini
 .fini          0x00027f20        0x8 c:/users/sean/portableware/gcc-arm-none-eabi-5_4-2016q3-20160926-win32/bin/../lib/gcc/arm-none-eabi/5.4.1/armv6-m/crtn.o
 *crtbegin.o(.ctors)
 *crtbegin?.o(.ctors)
 *(EXCLUDE_FILE(*crtend.o *crtend?.o) .ctors)
 *(SORT(.ctors.*))
 *(.ctors)
 *crtbegin.o(.dtors)
 *crtbegin?.o(.dtors)
 *(EXCLUDE_FILE(*crtend.o *crtend?.o) .dtors)
 *(SORT(.dtors.*))
 *(.dtors)
 *(.rodata*)
 .rodata._global_impure_ptr
                0x00027f28        0x4 c:/users/sean/portableware/gcc-arm-none-eabi-5_4-2016q3-20160926-win32/bin/../lib/gcc/arm-none-eabi/5.4.1/../../../../arm-none-eabi/lib/armv6-m\libc_nano.a(lib_a-impure.o)
                0x00027f28                _global_impure_ptr
 .rodata.clockID
                0x00027f2c        0x4 _build/gcc_arm_templete_clock.c.o
 .rodata.pm_evt_handler
                0x00027f30       0x3c _build/gcc_arm_templete_bles.c.o
 .rodata        0x00027f6c        0x4 _build/gcc_arm_templete_bles.c.o
 .rodata.str1.4
                0x00027f70        0x8 _build/gcc_arm_templete_bles.c.o
                                  0x7 (size before relaxing)
 .rodata        0x00027f78       0x10 _build/gcc_arm_templete_ble_devinfo.c.o
 .rodata        0x00027f88       0x10 _build/gcc_arm_templete_ble_ebike.c.o
 .rodata        0x00027f98       0x18 _build/gcc_arm_templete_communicate.c.o
 .rodata.resolve
                0x00027fb0      0x124 _build/gcc_arm_templete_packet_parser.c.o
 .rodata.bsp_indication_set
                0x000280d4       0x60 _build/gcc_arm_templete_bsp.c.o
 .rodata.ble_advertising_start.part.1
                0x00028134       0x14 _build/gcc_arm_templete_ble_advertising.c.o
 .rodata        0x00028148       0x10 _build/gcc_arm_templete_ble_dfu.c.o
 .rodata.m_conn_params_timer_id
                0x00028158        0x4 _build/gcc_arm_templete_ble_conn_params.c.o
 .rodata        0x0002815c       0x10 _build/gcc_arm_templete_gatts_cache_manager.c.o
 .rodata.service_changed_pending.7185
                0x0002816c        0x4 _build/gcc_arm_templete_gatts_cache_manager.c.o
 .rodata.service_changed_pending.7248
                0x00028170        0x4 _build/gcc_arm_templete_gatts_cache_manager.c.o
 .rodata.fds_evt_handler
                0x00028174       0x18 _build/gcc_arm_templete_peer_data_storage.c.o
 .rodata.pdb_pds_evt_handler
                0x0002818c       0x78 _build/gcc_arm_templete_peer_database.c.o
 .rodata.m_evt_handlers
                0x00028204       0x14 _build/gcc_arm_templete_peer_database.c.o
 .rodata.pm_pdb_evt_handler
                0x00028218       0x28 _build/gcc_arm_templete_peer_manager.c.o
 .rodata.pm_sm_evt_handler
                0x00028240       0x34 _build/gcc_arm_templete_peer_manager.c.o
 .rodata.pm_gcm_evt_handler
                0x00028274       0x28 _build/gcc_arm_templete_peer_manager.c.o
 .rodata        0x0002829c        0x8 _build/gcc_arm_templete_peer_manager.c.o
 .rodata.smd_ble_evt_handler
                0x000282a4       0x38 _build/gcc_arm_templete_security_dispatcher.c.o
 .rodata.queue_process
                0x000282dc       0x94 _build/gcc_arm_templete_fds.c.o
 .rodata.fds_init
                0x00028370       0x30 _build/gcc_arm_templete_fds.c.o
 .rodata.m_fds_tl_dirty
                0x000283a0        0x4 _build/gcc_arm_templete_fds.c.o
 .rodata.page_tag_swap.5356
                0x000283a4        0x8 _build/gcc_arm_templete_fds.c.o
 .rodata.page_tag_data.5360
                0x000283ac        0x8 _build/gcc_arm_templete_fds.c.o
 .rodata        0x000283b4       0x20 _build/gcc_arm_templete_app_uart_fifo.c.o
 *(.eh_frame*)
 .eh_frame      0x000283d4        0x0 c:/users/sean/portableware/gcc-arm-none-eabi-5_4-2016q3-20160926-win32/bin/../lib/gcc/arm-none-eabi/5.4.1/armv6-m/crtbegin.o
 .eh_frame      0x000283d4        0x4 c:/users/sean/portableware/gcc-arm-none-eabi-5_4-2016q3-20160926-win32/bin/../lib/gcc/arm-none-eabi/5.4.1/armv6-m/crtend.o

.glue_7         0x000283d8        0x0
 .glue_7        0x000283d8        0x0 linker stubs

.glue_7t        0x000283d8        0x0
 .glue_7t       0x000283d8        0x0 linker stubs

.vfp11_veneer   0x000283d8        0x0
 .vfp11_veneer  0x000283d8        0x0 linker stubs

.v4_bx          0x000283d8        0x0
 .v4_bx         0x000283d8        0x0 linker stubs

.iplt           0x000283d8        0x0
 .iplt          0x000283d8        0x0 c:/users/sean/portableware/gcc-arm-none-eabi-5_4-2016q3-20160926-win32/bin/../lib/gcc/arm-none-eabi/5.4.1/armv6-m/crtbegin.o

.ARM.extab
 *(.ARM.extab* .gnu.linkonce.armextab.*)
                0x000283d8                __exidx_start = .

.ARM.exidx      0x000283d8        0x8
 *(.ARM.exidx* .gnu.linkonce.armexidx.*)
 .ARM.exidx     0x000283d8        0x8 c:/users/sean/portableware/gcc-arm-none-eabi-5_4-2016q3-20160926-win32/bin/../lib/gcc/arm-none-eabi/5.4.1/../../../../arm-none-eabi/lib/armv6-m/crt0.o
                0x000283e0                __exidx_end = .
                0x000283e0                __etext = .

.rel.dyn        0x000283e0        0x0
 .rel.iplt      0x000283e0        0x0 c:/users/sean/portableware/gcc-arm-none-eabi-5_4-2016q3-20160926-win32/bin/../lib/gcc/arm-none-eabi/5.4.1/armv6-m/crtbegin.o

.data           0x20002e00       0xa4 load address 0x000283e0
                0x20002e00                __data_start__ = .
 *(vtable)
 *(.data*)
 .data.impure_data
                0x20002e00       0x60 c:/users/sean/portableware/gcc-arm-none-eabi-5_4-2016q3-20160926-win32/bin/../lib/gcc/arm-none-eabi/5.4.1/../../../../arm-none-eabi/lib/armv6-m\libc_nano.a(lib_a-impure.o)
 .data.Global_Time
                0x20002e60        0x8 _build/gcc_arm_templete_clock.c.o
 .data.m_adv_uuids
                0x20002e68        0x4 _build/gcc_arm_templete_bles.c.o
 .data.m_conn_handle
                0x20002e6c        0x2 _build/gcc_arm_templete_bles.c.o
 *fill*         0x20002e6e        0x2 
 .data.m_whitelist
                0x20002e70       0x10 _build/gcc_arm_templete_ble_advertising.c.o
 .data.m_flag_sec_proc_new_peer
                0x20002e80        0x1 _build/gcc_arm_templete_security_dispatcher.c.o
 .data.m_flag_sec_proc
                0x20002e81        0x1 _build/gcc_arm_templete_security_dispatcher.c.o
 .data.m_flag_sec_proc_pairing
                0x20002e82        0x1 _build/gcc_arm_templete_security_dispatcher.c.o
 .data.m_flag_params_reply_pending_flash_full
                0x20002e83        0x1 _build/gcc_arm_templete_security_manager.c.o
 .data.m_flag_reject_pairing
                0x20002e84        0x1 _build/gcc_arm_templete_security_manager.c.o
 .data.m_flag_params_reply_pending_busy
                0x20002e85        0x1 _build/gcc_arm_templete_security_manager.c.o
 .data.m_flag_link_secure_null_params
                0x20002e86        0x1 _build/gcc_arm_templete_security_manager.c.o
 .data.m_flag_link_secure_pending_flash_full
                0x20002e87        0x1 _build/gcc_arm_templete_security_manager.c.o
 .data.m_flag_link_secure_force_repairing
                0x20002e88        0x1 _build/gcc_arm_templete_security_manager.c.o
 .data.m_flag_link_secure_pending_busy
                0x20002e89        0x1 _build/gcc_arm_templete_security_manager.c.o
 *fill*         0x20002e8a        0x2 
 .data.app_uart_inst
                0x20002e8c        0x8 _build/gcc_arm_templete_app_uart_fifo.c.o
 .data.SystemCoreClock
                0x20002e94        0x4 _build/gcc_arm_templete_system_nrf51.c.o
                0x20002e94                SystemCoreClock
                0x20002e98                . = ALIGN (0x4)
                0x20002e98                PROVIDE (__preinit_array_start, .)
 *(.preinit_array)
                0x20002e98                PROVIDE (__preinit_array_end, .)
                0x20002e98                . = ALIGN (0x4)
                0x20002e98                PROVIDE (__init_array_start, .)
 *(SORT(.init_array.*))
 *(.init_array)
 .init_array    0x20002e98        0x4 c:/users/sean/portableware/gcc-arm-none-eabi-5_4-2016q3-20160926-win32/bin/../lib/gcc/arm-none-eabi/5.4.1/armv6-m/crtbegin.o
                0x20002e9c                PROVIDE (__init_array_end, .)
                0x20002e9c                . = ALIGN (0x4)
                [!provide]                PROVIDE (__fini_array_start, .)
 *(SORT(.fini_array.*))
 *(.fini_array)
 .fini_array    0x20002e9c        0x4 c:/users/sean/portableware/gcc-arm-none-eabi-5_4-2016q3-20160926-win32/bin/../lib/gcc/arm-none-eabi/5.4.1/armv6-m/crtbegin.o
                [!provide]                PROVIDE (__fini_array_end, .)
 *(.jcr*)
 .jcr           0x20002ea0        0x0 c:/users/sean/portableware/gcc-arm-none-eabi-5_4-2016q3-20160926-win32/bin/../lib/gcc/arm-none-eabi/5.4.1/armv6-m/crtbegin.o
 .jcr           0x20002ea0        0x4 c:/users/sean/portableware/gcc-arm-none-eabi-5_4-2016q3-20160926-win32/bin/../lib/gcc/arm-none-eabi/5.4.1/armv6-m/crtend.o
                0x20002ea4                . = ALIGN (0x4)
                0x20002ea4                __data_end__ = .
LOAD c:/users/sean/portableware/gcc-arm-none-eabi-5_4-2016q3-20160926-win32/bin/../lib/gcc/arm-none-eabi/5.4.1/armv6-m/crti.o
LOAD c:/users/sean/portableware/gcc-arm-none-eabi-5_4-2016q3-20160926-win32/bin/../lib/gcc/arm-none-eabi/5.4.1/armv6-m/crtbegin.o
LOAD c:/users/sean/portableware/gcc-arm-none-eabi-5_4-2016q3-20160926-win32/bin/../lib/gcc/arm-none-eabi/5.4.1/../../../../arm-none-eabi/lib/armv6-m/crt0.o
LOAD c:/users/sean/portableware/gcc-arm-none-eabi-5_4-2016q3-20160926-win32/bin/../lib/gcc/arm-none-eabi/5.4.1/../../../../arm-none-eabi/lib/armv6-m\libc_nano.a
LOAD c:/users/sean/portableware/gcc-arm-none-eabi-5_4-2016q3-20160926-win32/bin/../lib/gcc/arm-none-eabi/5.4.1/../../../../arm-none-eabi/lib/armv6-m\libnosys.a
LOAD _build/gcc_arm_templete_nrf_dfu_flash_buttonless.c.o
LOAD _build/gcc_arm_templete_main.c.o
LOAD _build/gcc_arm_templete_wdt.c.o
LOAD _build/gcc_arm_templete_clock.c.o
LOAD _build/gcc_arm_templete_bles.c.o
LOAD _build/gcc_arm_templete_alarm.c.o
LOAD _build/gcc_arm_templete_ble_devinfo.c.o
LOAD _build/gcc_arm_templete_ble_ebike.c.o
LOAD _build/gcc_arm_templete_communicate.c.o
LOAD _build/gcc_arm_templete_packet.c.o
LOAD _build/gcc_arm_templete_packet_parser.c.o
LOAD _build/gcc_arm_templete_bytewise.c.o
LOAD _build/gcc_arm_templete_checksum.c.o
LOAD _build/gcc_arm_templete_square_root.c.o
LOAD _build/gcc_arm_templete_bsp.c.o
LOAD _build/gcc_arm_templete_bsp_btn_ble.c.o
LOAD _build/gcc_arm_templete_ble_advertising.c.o
LOAD _build/gcc_arm_templete_ble_dfu.c.o
LOAD _build/gcc_arm_templete_ble_advdata.c.o
LOAD _build/gcc_arm_templete_ble_conn_params.c.o
LOAD _build/gcc_arm_templete_ble_conn_state.c.o
LOAD _build/gcc_arm_templete_ble_srv_common.c.o
LOAD _build/gcc_arm_templete_gatt_cache_manager.c.o
LOAD _build/gcc_arm_templete_gatts_cache_manager.c.o
LOAD _build/gcc_arm_templete_id_manager.c.o
LOAD _build/gcc_arm_templete_peer_data.c.o
LOAD _build/gcc_arm_templete_peer_data_storage.c.o
LOAD _build/gcc_arm_templete_peer_database.c.o
LOAD _build/gcc_arm_templete_peer_id.c.o
LOAD _build/gcc_arm_templete_peer_manager.c.o
LOAD _build/gcc_arm_templete_pm_buffer.c.o
LOAD _build/gcc_arm_templete_pm_mutex.c.o
LOAD _build/gcc_arm_templete_security_dispatcher.c.o
LOAD _build/gcc_arm_templete_security_manager.c.o
LOAD _build/gcc_arm_templete_nrf_drv_clock.c.o
LOAD _build/gcc_arm_templete_nrf_drv_common.c.o
LOAD _build/gcc_arm_templete_nrf_drv_gpiote.c.o
LOAD _build/gcc_arm_templete_nrf_drv_uart.c.o
LOAD _build/gcc_arm_templete_nrf_drv_spi.c.o
LOAD _build/gcc_arm_templete_nrf_dfu_settings.c.o
LOAD _build/gcc_arm_templete_app_button.c.o
LOAD _build/gcc_arm_templete_crc16.c.o
LOAD _build/gcc_arm_templete_crc32.c.o
LOAD _build/gcc_arm_templete_fds.c.o
LOAD _build/gcc_arm_templete_app_fifo.c.o
LOAD _build/gcc_arm_templete_fstorage.c.o
LOAD _build/gcc_arm_templete_hardfault_implementation.c.o
LOAD _build/gcc_arm_templete_nrf_log_backend_serial.c.o
LOAD _build/gcc_arm_templete_nrf_log_frontend.c.o
LOAD _build/gcc_arm_templete_sensorsim.c.o
LOAD _build/gcc_arm_templete_app_scheduler.c.o
LOAD _build/gcc_arm_templete_app_timer.c.o
LOAD _build/gcc_arm_templete_app_uart_fifo.c.o
LOAD _build/gcc_arm_templete_retarget.c.o
LOAD _build/gcc_arm_templete_app_error.c.o
LOAD _build/gcc_arm_templete_app_error_weak.c.o
LOAD _build/gcc_arm_templete_app_util_platform.c.o
LOAD _build/gcc_arm_templete_nrf_assert.c.o
LOAD _build/gcc_arm_templete_sdk_mapped_flags.c.o
LOAD _build/gcc_arm_templete_softdevice_handler.c.o
LOAD _build/gcc_arm_templete_gcc_startup_nrf51.S.o
LOAD _build/gcc_arm_templete_system_nrf51.c.o
LOAD _build/gcc_arm_templete_RTT_Syscalls_GCC.c.o
LOAD _build/gcc_arm_templete_SEGGER_RTT.c.o
LOAD _build/gcc_arm_templete_SEGGER_RTT_printf.c.o
LOAD c:/users/sean/portableware/gcc-arm-none-eabi-5_4-2016q3-20160926-win32/bin/../lib/gcc/arm-none-eabi/5.4.1/../../../../arm-none-eabi/lib/armv6-m\libm.a
START GROUP
LOAD c:/users/sean/portableware/gcc-arm-none-eabi-5_4-2016q3-20160926-win32/bin/../lib/gcc/arm-none-eabi/5.4.1/armv6-m\libgcc.a
LOAD c:/users/sean/portableware/gcc-arm-none-eabi-5_4-2016q3-20160926-win32/bin/../lib/gcc/arm-none-eabi/5.4.1/../../../../arm-none-eabi/lib/armv6-m\libc_nano.a
END GROUP
START GROUP
LOAD c:/users/sean/portableware/gcc-arm-none-eabi-5_4-2016q3-20160926-win32/bin/../lib/gcc/arm-none-eabi/5.4.1/armv6-m\libgcc.a
LOAD c:/users/sean/portableware/gcc-arm-none-eabi-5_4-2016q3-20160926-win32/bin/../lib/gcc/arm-none-eabi/5.4.1/../../../../arm-none-eabi/lib/armv6-m\libc_nano.a
END GROUP
LOAD c:/users/sean/portableware/gcc-arm-none-eabi-5_4-2016q3-20160926-win32/bin/../lib/gcc/arm-none-eabi/5.4.1/armv6-m/crtend.o
LOAD c:/users/sean/portableware/gcc-arm-none-eabi-5_4-2016q3-20160926-win32/bin/../lib/gcc/arm-none-eabi/5.4.1/armv6-m/crtn.o
START GROUP
LOAD c:/users/sean/portableware/gcc-arm-none-eabi-5_4-2016q3-20160926-win32/bin/../lib/gcc/arm-none-eabi/5.4.1/armv6-m\libgcc.a
LOAD c:/users/sean/portableware/gcc-arm-none-eabi-5_4-2016q3-20160926-win32/bin/../lib/gcc/arm-none-eabi/5.4.1/../../../../arm-none-eabi/lib/armv6-m\libc.a
LOAD c:/users/sean/portableware/gcc-arm-none-eabi-5_4-2016q3-20160926-win32/bin/../lib/gcc/arm-none-eabi/5.4.1/../../../../arm-none-eabi/lib/armv6-m\libnosys.a
END GROUP

.igot.plt       0x20002ea4        0x0 load address 0x00028484
 .igot.plt      0x20002ea4        0x0 c:/users/sean/portableware/gcc-arm-none-eabi-5_4-2016q3-20160926-win32/bin/../lib/gcc/arm-none-eabi/5.4.1/armv6-m/crtbegin.o

.bootloaderSettings
                0x0003fc00      0x400
 .bootloaderSettings
                0x0003fc00      0x400 _build/gcc_arm_templete_nrf_dfu_settings.c.o
                0x0003fc00                m_dfu_settings_buffer

.fs_data        0x20002ea4       0x20 load address 0x00028484
                0x20002ea4                PROVIDE (__start_fs_data, .)
 *(.fs_data)
 .fs_data       0x20002ea4       0x10 _build/gcc_arm_templete_nrf_dfu_flash_buttonless.c.o
 .fs_data       0x20002eb4       0x10 _build/gcc_arm_templete_fds.c.o
                0x20002ec4                PROVIDE (__stop_fs_data, .)

.bss            0x20002ec8     0x11dc load address 0x000284a8
                0x20002ec8                . = ALIGN (0x4)
                0x20002ec8                __bss_start__ = .
 *(.bss*)
 .bss           0x20002ec8       0x1c c:/users/sean/portableware/gcc-arm-none-eabi-5_4-2016q3-20160926-win32/bin/../lib/gcc/arm-none-eabi/5.4.1/armv6-m/crtbegin.o
 .bss.m_flags   0x20002ee4        0x4 _build/gcc_arm_templete_nrf_dfu_flash_buttonless.c.o
 .bss.APP_TIMER_BUF.8188
                0x20002ee8       0x78 _build/gcc_arm_templete_main.c.o
 .bss.clock_callbacks
                0x20002f60       0x18 _build/gcc_arm_templete_main.c.o
 .bss.APP_SCHED_BUF.8197
                0x20002f78       0xb0 _build/gcc_arm_templete_main.c.o
 .bss.day.5621  0x20003028        0x4 _build/gcc_arm_templete_clock.c.o
 .bss.seconds.5618
                0x2000302c        0x4 _build/gcc_arm_templete_clock.c.o
 .bss.hour.5620
                0x20003030        0x4 _build/gcc_arm_templete_clock.c.o
 .bss.clockID_data
                0x20003034       0x20 _build/gcc_arm_templete_clock.c.o
 .bss.year.5623
                0x20003054        0x4 _build/gcc_arm_templete_clock.c.o
 .bss.month.5622
                0x20003058        0x4 _build/gcc_arm_templete_clock.c.o
 .bss.old_UTC_Time.5617
                0x2000305c        0x8 _build/gcc_arm_templete_clock.c.o
 .bss.clock_callbacks
                0x20003064        0x4 _build/gcc_arm_templete_clock.c.o
 .bss.minutes.5619
                0x20003068        0x4 _build/gcc_arm_templete_clock.c.o
 .bss.SecondCountRTC
                0x2000306c        0x4 _build/gcc_arm_templete_clock.c.o
 .bss.m_dfus    0x20003070       0x18 _build/gcc_arm_templete_bles.c.o
 .bss.BLE_EVT_BUFFER.9309
                0x20003088       0x48 _build/gcc_arm_templete_bles.c.o
 .bss.alarms    0x200030d0       0x40 _build/gcc_arm_templete_alarm.c.o
 .bss.pre_SecondCountRTC.4098
                0x20003110        0x4 _build/gcc_arm_templete_alarm.c.o
 .bss.alarm_num
                0x20003114        0x1 _build/gcc_arm_templete_alarm.c.o
                0x20003114                alarm_num
 *fill*         0x20003115        0x3 
 .bss.m_callbacks
                0x20003118        0x4 _build/gcc_arm_templete_ble_devinfo.c.o
 .bss.rx_buf.7914
                0x2000311c       0x20 _build/gcc_arm_templete_communicate.c.o
 .bss.tx_buf.7915
                0x2000313c       0x20 _build/gcc_arm_templete_communicate.c.o
 .bss.devinfo_callbacks
                0x2000315c       0x20 _build/gcc_arm_templete_communicate.c.o
 .bss.m_leds_timer_id_data
                0x2000317c       0x20 _build/gcc_arm_templete_bsp.c.o
 .bss.m_alert_mask
                0x2000319c        0x4 _build/gcc_arm_templete_bsp.c.o
 .bss.m_indication_type
                0x200031a0        0x4 _build/gcc_arm_templete_bsp.c.o
 .bss.m_app_ticks_per_100ms
                0x200031a4        0x4 _build/gcc_arm_templete_bsp.c.o
 .bss.m_stable_state
                0x200031a8        0x1 _build/gcc_arm_templete_bsp.c.o
 *fill*         0x200031a9        0x3 
 .bss.m_alert_timer_id_data
                0x200031ac       0x20 _build/gcc_arm_templete_bsp.c.o
 .bss.m_events_list
                0x200031cc        0xc _build/gcc_arm_templete_bsp.c.o
 .bss.m_error_handler
                0x200031d8        0x4 _build/gcc_arm_templete_bsp_btn_ble.c.o
 .bss.m_num_connections
                0x200031dc        0x4 _build/gcc_arm_templete_bsp_btn_ble.c.o
 .bss.m_advdata
                0x200031e0       0x38 _build/gcc_arm_templete_ble_advertising.c.o
 .bss.m_manuf_specific_data
                0x20003218        0xc _build/gcc_arm_templete_ble_advertising.c.o
 .bss.m_evt_handler
                0x20003224        0x4 _build/gcc_arm_templete_ble_advertising.c.o
 .bss.m_advertising_start_pending
                0x20003228        0x1 _build/gcc_arm_templete_ble_advertising.c.o
 *fill*         0x20003229        0x3 
 .bss.m_manuf_data_array
                0x2000322c       0x1f _build/gcc_arm_templete_ble_advertising.c.o
 .bss.m_whitelist_temporarily_disabled
                0x2000324b        0x1 _build/gcc_arm_templete_ble_advertising.c.o
 .bss.m_error_handler
                0x2000324c        0x4 _build/gcc_arm_templete_ble_advertising.c.o
 .bss.m_peer_address
                0x20003250        0x7 _build/gcc_arm_templete_ble_advertising.c.o
 *fill*         0x20003257        0x1 
 .bss.m_adv_modes_config
                0x20003258       0x20 _build/gcc_arm_templete_ble_advertising.c.o
 .bss.m_p_whitelist_irks
                0x20003278       0x20 _build/gcc_arm_templete_ble_advertising.c.o
 .bss.m_slave_conn_int
                0x20003298        0x4 _build/gcc_arm_templete_ble_advertising.c.o
 .bss.m_service_data_array
                0x2000329c       0x1f _build/gcc_arm_templete_ble_advertising.c.o
 *fill*         0x200032bb        0x1 
 .bss.m_whitelist_irks
                0x200032bc       0x80 _build/gcc_arm_templete_ble_advertising.c.o
 .bss.m_whitelist_reply_expected
                0x2000333c        0x1 _build/gcc_arm_templete_ble_advertising.c.o
 *fill*         0x2000333d        0x1 
 .bss.m_current_slave_link_conn_handle
                0x2000333e        0x2 _build/gcc_arm_templete_ble_advertising.c.o
 .bss.m_whitelist_addrs
                0x20003340       0x38 _build/gcc_arm_templete_ble_advertising.c.o
 .bss.m_adv_mode_current
                0x20003378        0x1 _build/gcc_arm_templete_ble_advertising.c.o
 .bss.m_peer_addr_reply_expected
                0x20003379        0x1 _build/gcc_arm_templete_ble_advertising.c.o
 .bss.m_initialized
                0x2000337a        0x1 _build/gcc_arm_templete_ble_advertising.c.o
 *fill*         0x2000337b        0x1 
 .bss.m_service_data
                0x2000337c        0xc _build/gcc_arm_templete_ble_advertising.c.o
 .bss.m_adv_evt
                0x20003388        0x1 _build/gcc_arm_templete_ble_advertising.c.o
 *fill*         0x20003389        0x3 
 .bss.m_p_whitelist_addrs
                0x2000338c       0x20 _build/gcc_arm_templete_ble_advertising.c.o
 .bss.m_change_param
                0x200033ac        0x1 _build/gcc_arm_templete_ble_conn_params.c.o
 *fill*         0x200033ad        0x3 
 .bss.m_current_conn_params
                0x200033b0        0x8 _build/gcc_arm_templete_ble_conn_params.c.o
 .bss.m_update_count
                0x200033b8        0x1 _build/gcc_arm_templete_ble_conn_params.c.o
 *fill*         0x200033b9        0x3 
 .bss.m_conn_params_config
                0x200033bc       0x1c _build/gcc_arm_templete_ble_conn_params.c.o
 .bss.m_conn_params_timer_id_data
                0x200033d8       0x20 _build/gcc_arm_templete_ble_conn_params.c.o
 .bss.m_conn_handle
                0x200033f8        0x2 _build/gcc_arm_templete_ble_conn_params.c.o
 *fill*         0x200033fa        0x2 
 .bss.m_preferred_conn_params
                0x200033fc        0x8 _build/gcc_arm_templete_ble_conn_params.c.o
 .bss.m_bcs     0x20003404       0x34 _build/gcc_arm_templete_ble_conn_state.c.o
 .bss.m_flag_service_changed_pending
                0x20003438        0x1 _build/gcc_arm_templete_gatt_cache_manager.c.o
 .bss.m_flag_service_changed_sent
                0x20003439        0x1 _build/gcc_arm_templete_gatt_cache_manager.c.o
 .bss.m_flag_local_db_update_pending
                0x2000343a        0x1 _build/gcc_arm_templete_gatt_cache_manager.c.o
 .bss.m_flag_local_db_apply_pending
                0x2000343b        0x1 _build/gcc_arm_templete_gatt_cache_manager.c.o
 .bss.m_current_sc_store_peer_id
                0x2000343c        0x2 _build/gcc_arm_templete_gatts_cache_manager.c.o
 .bss.start_handle.7240
                0x2000343e        0x2 _build/gcc_arm_templete_gatts_cache_manager.c.o
 .bss.m_connections
                0x20003440       0x60 _build/gcc_arm_templete_id_manager.c.o
 .bss.m_current_id_addr
                0x200034a0        0x7 _build/gcc_arm_templete_id_manager.c.o
 .bss.m_conn_state_user_flag_id
                0x200034a7        0x1 _build/gcc_arm_templete_id_manager.c.o
 .bss.m_fds_ftok
                0x200034a8        0x8 _build/gcc_arm_templete_peer_data_storage.c.o
 .bss.m_peer_delete_queued
                0x200034b0        0x1 _build/gcc_arm_templete_peer_data_storage.c.o
 .bss.m_peer_delete_ongoing
                0x200034b1        0x1 _build/gcc_arm_templete_peer_data_storage.c.o
 *fill*         0x200034b2        0x2 
 .bss.m_write_buffer_records
                0x200034b4       0xa0 _build/gcc_arm_templete_peer_database.c.o
 .bss.m_n_writes
                0x20003554        0x4 _build/gcc_arm_templete_peer_database.c.o
 .bss.buffer_memory.7262
                0x20003558      0x280 _build/gcc_arm_templete_peer_database.c.o
 .bss.m_write_buffer
                0x200037d8       0x10 _build/gcc_arm_templete_peer_database.c.o
 .bss.mutex_memory.7263
                0x200037e8        0x1 _build/gcc_arm_templete_peer_database.c.o
 *fill*         0x200037e9        0x3 
 .bss.m_pi      0x200037ec       0x40 _build/gcc_arm_templete_peer_id.c.o
 .bss.m_pairing_flag_id
                0x2000382c        0x1 _build/gcc_arm_templete_peer_manager.c.o
 *fill*         0x2000382d        0x3 
 .bss.m_current_highest_peer_rank
                0x20003830        0x4 _build/gcc_arm_templete_peer_manager.c.o
 .bss.m_module_initialized
                0x20003834        0x1 _build/gcc_arm_templete_peer_manager.c.o
 *fill*         0x20003835        0x3 
 .bss.m_evt_handlers
                0x20003838        0xc _build/gcc_arm_templete_peer_manager.c.o
 .bss.m_peer_rank_initialized
                0x20003844        0x1 _build/gcc_arm_templete_peer_manager.c.o
 .bss.m_deleting_all
                0x20003845        0x1 _build/gcc_arm_templete_peer_manager.c.o
 .bss.m_n_registrants
                0x20003846        0x1 _build/gcc_arm_templete_peer_manager.c.o
 *fill*         0x20003847        0x1 
 .bss.m_peer_rank_token
                0x20003848        0x4 _build/gcc_arm_templete_peer_manager.c.o
 .bss.m_bonding_flag_id
                0x2000384c        0x1 _build/gcc_arm_templete_peer_manager.c.o
 *fill*         0x2000384d        0x1 
 .bss.m_highest_ranked_peer
                0x2000384e        0x2 _build/gcc_arm_templete_peer_manager.c.o
 .bss.m_peer_pk
                0x20003850       0x40 _build/gcc_arm_templete_security_dispatcher.c.o
 .bss.m_p_public_key
                0x20003890        0x4 _build/gcc_arm_templete_security_manager.c.o
 .bss.m_sec_params
                0x20003894        0x5 _build/gcc_arm_templete_security_manager.c.o
 .bss.m_sec_params_valid
                0x20003899        0x1 _build/gcc_arm_templete_security_manager.c.o
 *fill*         0x2000389a        0x2 
 .bss.m_clock_cb
                0x2000389c       0x14 _build/gcc_arm_templete_nrf_drv_clock.c.o
 .bss.m_cb      0x200038b0       0x48 _build/gcc_arm_templete_nrf_drv_gpiote.c.o
 .bss.m_cb      0x200038f8       0x1c _build/gcc_arm_templete_nrf_drv_uart.c.o
 .bss.flash_operation_pending
                0x20003914        0x1 _build/gcc_arm_templete_nrf_dfu_settings.c.o
 *fill*         0x20003915        0x3 
 .bss.m_callback
                0x20003918        0x4 _build/gcc_arm_templete_nrf_dfu_settings.c.o
 .bss.temp_dfu_settings.6150
                0x2000391c      0x15c _build/gcc_arm_templete_nrf_dfu_settings.c.o
 .bss.m_chunk_queue
                0x20003a78       0x48 _build/gcc_arm_templete_fds.c.o
 .bss.m_cb_table
                0x20003ac0       0x20 _build/gcc_arm_templete_fds.c.o
 .bss.m_users   0x20003ae0        0x1 _build/gcc_arm_templete_fds.c.o
 *fill*         0x20003ae1        0x3 
 .bss.m_pages   0x20003ae4       0x20 _build/gcc_arm_templete_fds.c.o
 .bss.m_gc      0x20003b04       0x10 _build/gcc_arm_templete_fds.c.o
 .bss.m_op_queue
                0x20003b14       0x78 _build/gcc_arm_templete_fds.c.o
 .bss.m_swap_page
                0x20003b8c        0x8 _build/gcc_arm_templete_fds.c.o
 .bss.tok.5494  0x20003b94        0x8 _build/gcc_arm_templete_fds.c.o
 .bss.m_flags   0x20003b9c        0x1 _build/gcc_arm_templete_fds.c.o
 *fill*         0x20003b9d        0x3 
 .bss.desc.5588
                0x20003ba0        0xc _build/gcc_arm_templete_fds.c.o
 .bss.m_latest_rec_id
                0x20003bac        0x4 _build/gcc_arm_templete_fds.c.o
 .bss.m_flags   0x20003bb0        0x1 _build/gcc_arm_templete_fstorage.c.o
 *fill*         0x20003bb1        0x3 
 .bss.m_queue   0x20003bb4       0x68 _build/gcc_arm_templete_fstorage.c.o
 .bss.m_retry_count
                0x20003c1c        0x1 _build/gcc_arm_templete_fstorage.c.o
 *fill*         0x20003c1d        0x3 
 .bss.m_queue_event_headers
                0x20003c20        0x4 _build/gcc_arm_templete_app_scheduler.c.o
 .bss.m_queue_event_data
                0x20003c24        0x4 _build/gcc_arm_templete_app_scheduler.c.o
 .bss.m_queue_event_size
                0x20003c28        0x2 _build/gcc_arm_templete_app_scheduler.c.o
 .bss.m_queue_start_index
                0x20003c2a        0x1 _build/gcc_arm_templete_app_scheduler.c.o
 .bss.m_queue_end_index
                0x20003c2b        0x1 _build/gcc_arm_templete_app_scheduler.c.o
 .bss.m_queue_size
                0x20003c2c        0x2 _build/gcc_arm_templete_app_scheduler.c.o
 *fill*         0x20003c2e        0x2 
 .bss.m_ticks_latest
                0x20003c30        0x4 _build/gcc_arm_templete_app_timer.c.o
 .bss.mp_timer_id_head
                0x20003c34        0x4 _build/gcc_arm_templete_app_timer.c.o
 .bss.m_evt_schedule_func
                0x20003c38        0x4 _build/gcc_arm_templete_app_timer.c.o
 .bss.m_ticks_elapsed_q_read_ind
                0x20003c3c        0x1 _build/gcc_arm_templete_app_timer.c.o
 .bss.m_ticks_elapsed_q_write_ind
                0x20003c3d        0x1 _build/gcc_arm_templete_app_timer.c.o
 .bss.m_rtc1_reset
                0x20003c3e        0x1 _build/gcc_arm_templete_app_timer.c.o
 *fill*         0x20003c3f        0x1 
 .bss.m_op_queue
                0x20003c40        0x8 _build/gcc_arm_templete_app_timer.c.o
 .bss.m_ticks_elapsed
                0x20003c48        0x8 _build/gcc_arm_templete_app_timer.c.o
 .bss.m_rtc1_running
                0x20003c50        0x1 _build/gcc_arm_templete_app_timer.c.o
 *fill*         0x20003c51        0x3 
 .bss.tx_buffer
                0x20003c54        0x1 _build/gcc_arm_templete_app_uart_fifo.c.o
 *fill*         0x20003c55        0x3 
 .bss.m_event_handler
                0x20003c58        0x4 _build/gcc_arm_templete_app_uart_fifo.c.o
 .bss.rx_buffer
                0x20003c5c        0x1 _build/gcc_arm_templete_app_uart_fifo.c.o
 *fill*         0x20003c5d        0x3 
 .bss.m_tx_fifo
                0x20003c60       0x10 _build/gcc_arm_templete_app_uart_fifo.c.o
 .bss.m_rx_ovf  0x20003c70        0x1 _build/gcc_arm_templete_app_uart_fifo.c.o
 *fill*         0x20003c71        0x3 
 .bss.m_rx_fifo
                0x20003c74       0x10 _build/gcc_arm_templete_app_uart_fifo.c.o
 .bss.m_suspended
                0x20003c84        0x1 _build/gcc_arm_templete_softdevice_handler.c.o
 .bss.m_softdevice_enabled
                0x20003c85        0x1 _build/gcc_arm_templete_softdevice_handler.c.o
 .bss.m_ble_evt_buffer_size
                0x20003c86        0x2 _build/gcc_arm_templete_softdevice_handler.c.o
 .bss.mp_ble_evt_buffer
                0x20003c88        0x4 _build/gcc_arm_templete_softdevice_handler.c.o
 .bss.m_sys_evt_handler
                0x20003c8c        0x4 _build/gcc_arm_templete_softdevice_handler.c.o
 .bss.m_ble_evt_handler
                0x20003c90        0x4 _build/gcc_arm_templete_softdevice_handler.c.o
 .bss.m_evt_schedule_func
                0x20003c94        0x4 _build/gcc_arm_templete_softdevice_handler.c.o
 *(COMMON)
 COMMON         0x20003c98       0x90 _build/gcc_arm_templete_bles.c.o
                0x20003c98                m_ebike
                0x20003ce0                m_devinfo
 COMMON         0x20003d28        0x1 _build/gcc_arm_templete_alarm.c.o
                0x20003d28                alarm_later
 *fill*         0x20003d29        0x3 
 COMMON         0x20003d2c      0x210 _build/gcc_arm_templete_communicate.c.o
                0x20003d2c                sPacket
                0x20003d34                rPacket
                0x20003d3c                receivebuff
                0x20003e3c                sendbuff
 COMMON         0x20003f3c        0x4 _build/gcc_arm_templete_ble_dfu.c.o
                0x20003f3c                p_m_dfu
 COMMON         0x20003f40      0x15c _build/gcc_arm_templete_nrf_dfu_settings.c.o
                0x20003f40                s_dfu_settings
 COMMON         0x2000409c        0x8 _build/gcc_arm_templete_app_util_platform.c.o
                0x2000409c                nrf_nvic_state
                0x200040a4                . = ALIGN (0x4)
                0x200040a4                __bss_end__ = .

.heap           0x200040a8      0x800
                0x200040a8                __HeapBase = .
                0x200040a8                __end__ = .
                [!provide]                PROVIDE (end, .)
 *(.heap*)
 .heap          0x200040a8      0x800 _build/gcc_arm_templete_gcc_startup_nrf51.S.o
                0x200048a8                __HeapLimit = .

.stack_dummy    0x200040a8      0x800
 *(.stack*)
 .stack         0x200040a8      0x800 _build/gcc_arm_templete_gcc_startup_nrf51.S.o
                0x20008000                __StackTop = (ORIGIN (RAM) + LENGTH (RAM))
                0x20007800                __StackLimit = (__StackTop - SIZEOF (.stack_dummy))
                0x20008000                PROVIDE (__stack, __StackTop)
                0x00000001                ASSERT ((__StackLimit >= __HeapLimit), region RAM overflowed with stack)
OUTPUT(_build/gcc_arm_templete.out elf32-littlearm)

.ARM.attributes
                0x00000000       0x28
 .ARM.attributes
                0x00000000       0x1e c:/users/sean/portableware/gcc-arm-none-eabi-5_4-2016q3-20160926-win32/bin/../lib/gcc/arm-none-eabi/5.4.1/armv6-m/crti.o
 .ARM.attributes
                0x0000001e       0x2c c:/users/sean/portableware/gcc-arm-none-eabi-5_4-2016q3-20160926-win32/bin/../lib/gcc/arm-none-eabi/5.4.1/armv6-m/crtbegin.o
 .ARM.attributes
                0x0000004a       0x1b c:/users/sean/portableware/gcc-arm-none-eabi-5_4-2016q3-20160926-win32/bin/../lib/gcc/arm-none-eabi/5.4.1/../../../../arm-none-eabi/lib/armv6-m/crt0.o
 .ARM.attributes
                0x00000065       0x2c c:/users/sean/portableware/gcc-arm-none-eabi-5_4-2016q3-20160926-win32/bin/../lib/gcc/arm-none-eabi/5.4.1/../../../../arm-none-eabi/lib/armv6-m\libc_nano.a(lib_a-exit.o)
 .ARM.attributes
                0x00000091       0x2c c:/users/sean/portableware/gcc-arm-none-eabi-5_4-2016q3-20160926-win32/bin/../lib/gcc/arm-none-eabi/5.4.1/../../../../arm-none-eabi/lib/armv6-m\libc_nano.a(lib_a-impure.o)
 .ARM.attributes
                0x000000bd       0x2c c:/users/sean/portableware/gcc-arm-none-eabi-5_4-2016q3-20160926-win32/bin/../lib/gcc/arm-none-eabi/5.4.1/../../../../arm-none-eabi/lib/armv6-m\libc_nano.a(lib_a-init.o)
 .ARM.attributes
                0x000000e9       0x2c c:/users/sean/portableware/gcc-arm-none-eabi-5_4-2016q3-20160926-win32/bin/../lib/gcc/arm-none-eabi/5.4.1/../../../../arm-none-eabi/lib/armv6-m\libc_nano.a(lib_a-memset.o)
 .ARM.attributes
                0x00000115       0x2c c:/users/sean/portableware/gcc-arm-none-eabi-5_4-2016q3-20160926-win32/bin/../lib/gcc/arm-none-eabi/5.4.1/../../../../arm-none-eabi/lib/armv6-m\libnosys.a(_exit.o)
 .ARM.attributes
                0x00000141       0x31 _build/gcc_arm_templete_nrf_dfu_flash_buttonless.c.o
 .ARM.attributes
                0x00000172       0x31 _build/gcc_arm_templete_main.c.o
 .ARM.attributes
                0x000001a3       0x31 _build/gcc_arm_templete_wdt.c.o
 .ARM.attributes
                0x000001d4       0x31 _build/gcc_arm_templete_clock.c.o
 .ARM.attributes
                0x00000205       0x31 _build/gcc_arm_templete_bles.c.o
 .ARM.attributes
                0x00000236       0x31 _build/gcc_arm_templete_alarm.c.o
 .ARM.attributes
                0x00000267       0x31 _build/gcc_arm_templete_ble_devinfo.c.o
 .ARM.attributes
                0x00000298       0x31 _build/gcc_arm_templete_ble_ebike.c.o
 .ARM.attributes
                0x000002c9       0x31 _build/gcc_arm_templete_communicate.c.o
 .ARM.attributes
                0x000002fa       0x31 _build/gcc_arm_templete_packet.c.o
 .ARM.attributes
                0x0000032b       0x31 _build/gcc_arm_templete_packet_parser.c.o
 .ARM.attributes
                0x0000035c       0x31 _build/gcc_arm_templete_checksum.c.o
 .ARM.attributes
                0x0000038d       0x31 _build/gcc_arm_templete_bsp.c.o
 .ARM.attributes
                0x000003be       0x31 _build/gcc_arm_templete_bsp_btn_ble.c.o
 .ARM.attributes
                0x000003ef       0x31 _build/gcc_arm_templete_ble_advertising.c.o
 .ARM.attributes
                0x00000420       0x31 _build/gcc_arm_templete_ble_dfu.c.o
 .ARM.attributes
                0x00000451       0x31 _build/gcc_arm_templete_ble_advdata.c.o
 .ARM.attributes
                0x00000482       0x31 _build/gcc_arm_templete_ble_conn_params.c.o
 .ARM.attributes
                0x000004b3       0x31 _build/gcc_arm_templete_ble_conn_state.c.o
 .ARM.attributes
                0x000004e4       0x31 _build/gcc_arm_templete_ble_srv_common.c.o
 .ARM.attributes
                0x00000515       0x31 _build/gcc_arm_templete_gatt_cache_manager.c.o
 .ARM.attributes
                0x00000546       0x31 _build/gcc_arm_templete_gatts_cache_manager.c.o
 .ARM.attributes
                0x00000577       0x31 _build/gcc_arm_templete_id_manager.c.o
 .ARM.attributes
                0x000005a8       0x31 _build/gcc_arm_templete_peer_data_storage.c.o
 .ARM.attributes
                0x000005d9       0x31 _build/gcc_arm_templete_peer_database.c.o
 .ARM.attributes
                0x0000060a       0x31 _build/gcc_arm_templete_peer_id.c.o
 .ARM.attributes
                0x0000063b       0x31 _build/gcc_arm_templete_peer_manager.c.o
 .ARM.attributes
                0x0000066c       0x31 _build/gcc_arm_templete_pm_buffer.c.o
 .ARM.attributes
                0x0000069d       0x31 _build/gcc_arm_templete_pm_mutex.c.o
 .ARM.attributes
                0x000006ce       0x31 _build/gcc_arm_templete_security_dispatcher.c.o
 .ARM.attributes
                0x000006ff       0x31 _build/gcc_arm_templete_security_manager.c.o
 .ARM.attributes
                0x00000730       0x31 _build/gcc_arm_templete_nrf_drv_clock.c.o
 .ARM.attributes
                0x00000761       0x31 _build/gcc_arm_templete_nrf_drv_common.c.o
 .ARM.attributes
                0x00000792       0x31 _build/gcc_arm_templete_nrf_drv_gpiote.c.o
 .ARM.attributes
                0x000007c3       0x31 _build/gcc_arm_templete_nrf_drv_uart.c.o
 .ARM.attributes
                0x000007f4       0x31 _build/gcc_arm_templete_nrf_dfu_settings.c.o
 .ARM.attributes
                0x00000825       0x31 _build/gcc_arm_templete_crc32.c.o
 .ARM.attributes
                0x00000856       0x31 _build/gcc_arm_templete_fds.c.o
 .ARM.attributes
                0x00000887       0x31 _build/gcc_arm_templete_app_fifo.c.o
 .ARM.attributes
                0x000008b8       0x31 _build/gcc_arm_templete_fstorage.c.o
 .ARM.attributes
                0x000008e9       0x31 _build/gcc_arm_templete_app_scheduler.c.o
 .ARM.attributes
                0x0000091a       0x31 _build/gcc_arm_templete_app_timer.c.o
 .ARM.attributes
                0x0000094b       0x31 _build/gcc_arm_templete_app_uart_fifo.c.o
 .ARM.attributes
                0x0000097c       0x31 _build/gcc_arm_templete_app_error.c.o
 .ARM.attributes
                0x000009ad       0x31 _build/gcc_arm_templete_app_error_weak.c.o
 .ARM.attributes
                0x000009de       0x31 _build/gcc_arm_templete_app_util_platform.c.o
 .ARM.attributes
                0x00000a0f       0x31 _build/gcc_arm_templete_sdk_mapped_flags.c.o
 .ARM.attributes
                0x00000a40       0x31 _build/gcc_arm_templete_softdevice_handler.c.o
 .ARM.attributes
                0x00000a71       0x1b _build/gcc_arm_templete_gcc_startup_nrf51.S.o
 .ARM.attributes
                0x00000a8c       0x31 _build/gcc_arm_templete_system_nrf51.c.o
 .ARM.attributes
                0x00000abd       0x1e c:/users/sean/portableware/gcc-arm-none-eabi-5_4-2016q3-20160926-win32/bin/../lib/gcc/arm-none-eabi/5.4.1/armv6-m\libgcc.a(_udivsi3.o)
 .ARM.attributes
                0x00000adb       0x1e c:/users/sean/portableware/gcc-arm-none-eabi-5_4-2016q3-20160926-win32/bin/../lib/gcc/arm-none-eabi/5.4.1/armv6-m\libgcc.a(_divsi3.o)
 .ARM.attributes
                0x00000af9       0x1e c:/users/sean/portableware/gcc-arm-none-eabi-5_4-2016q3-20160926-win32/bin/../lib/gcc/arm-none-eabi/5.4.1/armv6-m\libgcc.a(_dvmd_tls.o)
 .ARM.attributes
                0x00000b17       0x2c c:/users/sean/portableware/gcc-arm-none-eabi-5_4-2016q3-20160926-win32/bin/../lib/gcc/arm-none-eabi/5.4.1/../../../../arm-none-eabi/lib/armv6-m\libc_nano.a(lib_a-memcmp.o)
 .ARM.attributes
                0x00000b43       0x2c c:/users/sean/portableware/gcc-arm-none-eabi-5_4-2016q3-20160926-win32/bin/../lib/gcc/arm-none-eabi/5.4.1/../../../../arm-none-eabi/lib/armv6-m\libc_nano.a(lib_a-memcpy-stub.o)
 .ARM.attributes